Using pre-set license
Built from '2020.3/staging' branch; Version is '2020.3.9f1 (108be757e447) revision 1084391'; Using compiler version '192528614'; Build Type 'Release'
OS: 'Windows 10 Pro; OS build 19041.1052; Version 2004; 64bit' Language: 'en' Physical Memory: 32682 MB
BatchMode: 1, IsHumanControllingUs: 0, StartBugReporterOnCrash: 0, Is64bit: 1, IsPro: 0

 COMMAND LINE ARGUMENTS:
C:\Program Files\Unity\Hub\Editor\2020.3.9f1\Editor\Unity.exe
-adb2
-batchMode
-noUpm
-name
AssetImportWorker0
-projectPath
C:/Users/Alessia/Desktop/Thesis Project/Thesis/DanceGame
-logFile
Logs/AssetImportWorker0.log
-srvPort
61335
Successfully changed project path to: C:/Users/Alessia/Desktop/Thesis Project/Thesis/DanceGame
C:/Users/Alessia/Desktop/Thesis Project/Thesis/DanceGame
Using Asset Import Pipeline V2.
Refreshing native plugins compatible for Editor in 19.48 ms, found 0 plugins.
Preloading 0 native plugins for Editor in 0.00 ms.
Initialize engine version: 2020.3.9f1 (108be757e447)
[Subsystems] Discovering subsystems at path C:/Program Files/Unity/Hub/Editor/2020.3.9f1/Editor/Data/Resources/UnitySubsystems
[Subsystems] Discovering subsystems at path C:/Users/Alessia/Desktop/Thesis Project/Thesis/DanceGame/Assets
GfxDevice: creating device client; threaded=0
Direct3D:
    Version:  Direct3D 11.0 [level 11.1]
    Renderer: NVIDIA GeForce RTX 2060 SUPER (ID=0x1f06)
    Vendor:   
    VRAM:     8031 MB
    Driver:   27.21.14.5671
Initialize mono
Mono path[0] = 'C:/Program Files/Unity/Hub/Editor/2020.3.9f1/Editor/Data/Managed'
Mono path[1] = 'C:/Program Files/Unity/Hub/Editor/2020.3.9f1/Editor/Data/MonoBleedingEdge/lib/mono/unityjit'
Mono config path = 'C:/Program Files/Unity/Hub/Editor/2020.3.9f1/Editor/Data/MonoBleedingEdge/etc'
Using monoOptions --debugger-agent=transport=dt_socket,embedding=1,server=y,suspend=n,address=127.0.0.1:56696
Begin MonoManager ReloadAssembly
Registering precompiled unity dll's ...
Register platform support module: C:/Program Files/Unity/Hub/Editor/2020.3.9f1/Editor/Data/PlaybackEngines/WindowsStandaloneSupport/UnityEditor.WindowsStandalone.Extensions.dll
Registered in 0.001663 seconds.
Native extension for WindowsStandalone target not found
Refreshing native plugins compatible for Editor in 20.06 ms, found 0 plugins.
Preloading 0 native plugins for Editor in 0.00 ms.
Mono: successfully reloaded assembly
- Completed reload, in  0.859 seconds
Platform modules already initialized, skipping
Registering precompiled user dll's ...
Registered in 0.000519 seconds.
Begin MonoManager ReloadAssembly
Native extension for WindowsStandalone target not found
Refreshing native plugins compatible for Editor in 0.24 ms, found 0 plugins.
Preloading 0 native plugins for Editor in 0.00 ms.
Mono: successfully reloaded assembly
- Completed reload, in  0.665 seconds
Platform modules already initialized, skipping
========================================================================
Worker process is ready to serve import requests
Launched and connected shader compiler UnityShaderCompiler.exe after 0.03 seconds
Refreshing native plugins compatible for Editor in 0.38 ms, found 0 plugins.
Preloading 0 native plugins for Editor in 0.00 ms.
Unloading 1115 Unused Serialized files (Serialized files now loaded: 0)
System memory in use before: 57.1 MB.
System memory in use after: 57.2 MB.

Unloading 10 unused Assets to reduce memory usage. Loaded Objects now: 1557.
Total: 1.628900 ms (FindLiveObjects: 0.174400 ms CreateObjectMapping: 0.029000 ms MarkObjects: 1.347100 ms  DeleteObjects: 0.077300 ms)

========================================================================
Received Import Request.
  path: Assets
  artifactKey: Guid(00000000000000001000000000000000) Importer(815301076,1909f56bfc062723c751e8b465ee728b)
Start importing Assets using Guid(00000000000000001000000000000000) Importer(815301076,1909f56bfc062723c751e8b465ee728b)  -> (artifact id: '42d402b061de3733987d63b9cc3b64de') in 0.009135 seconds
  Import took 0.010892 seconds .

========================================================================
Received Import Request.
  Time since last request: 2.567613 seconds.
  path: Assets/Audio
  artifactKey: Guid(f0fc515dd088608478affd72634b087f) Importer(815301076,1909f56bfc062723c751e8b465ee728b)
Start importing Assets/Audio using Guid(f0fc515dd088608478affd72634b087f) Importer(815301076,1909f56bfc062723c751e8b465ee728b)  -> (artifact id: '8a503fdf04087f1cc14cf0ed4f8a1d90') in 0.006686 seconds
  Import took 0.008873 seconds .

========================================================================
Received Import Request.
  Time since last request: 0.000300 seconds.
  path: Assets/Audio
  artifactKey: Guid(f0fc515dd088608478affd72634b087f) Importer(815301076,1909f56bfc062723c751e8b465ee728b)
Start importing Assets/Audio using Guid(f0fc515dd088608478affd72634b087f) Importer(815301076,1909f56bfc062723c751e8b465ee728b)  -> (artifact id: '8a503fdf04087f1cc14cf0ed4f8a1d90') in 0.002057 seconds
  Import took 0.003637 seconds .

========================================================================
Received Import Request.
  Time since last request: 6.074980 seconds.
  path: Assets/Scripts
  artifactKey: Guid(e921656fd23bad741a464dda8aca57d2) Importer(815301076,1909f56bfc062723c751e8b465ee728b)
Start importing Assets/Scripts using Guid(e921656fd23bad741a464dda8aca57d2) Importer(815301076,1909f56bfc062723c751e8b465ee728b)  -> (artifact id: 'b40af301e3d17395baa66a2119984c62') in 0.006466 seconds
  Import took 0.008436 seconds .

========================================================================
Received Import Request.
  Time since last request: 6.349930 seconds.
  path: Assets/Models
  artifactKey: Guid(2f69b806803ee104f9034efea433eb6d) Importer(815301076,1909f56bfc062723c751e8b465ee728b)
Start importing Assets/Models using Guid(2f69b806803ee104f9034efea433eb6d) Importer(815301076,1909f56bfc062723c751e8b465ee728b)  -> (artifact id: '0be4303b3f6f4fe91d15398cbadd3146') in 0.005670 seconds
  Import took 0.007701 seconds .

========================================================================
Received Import Request.
  Time since last request: 5.591039 seconds.
  path: Assets/Art
  artifactKey: Guid(6d5243acf76e4f04eb5ad4e1de69dffb) Importer(815301076,1909f56bfc062723c751e8b465ee728b)
Start importing Assets/Art using Guid(6d5243acf76e4f04eb5ad4e1de69dffb) Importer(815301076,1909f56bfc062723c751e8b465ee728b)  -> (artifact id: '44860487d4b4eb7ee92ab289a656d6ea') in 0.006359 seconds
  Import took 0.008250 seconds .

========================================================================
Received Import Request.
  Time since last request: 0.000390 seconds.
  path: Assets/Art
  artifactKey: Guid(6d5243acf76e4f04eb5ad4e1de69dffb) Importer(815301076,1909f56bfc062723c751e8b465ee728b)
Start importing Assets/Art using Guid(6d5243acf76e4f04eb5ad4e1de69dffb) Importer(815301076,1909f56bfc062723c751e8b465ee728b)  -> (artifact id: '44860487d4b4eb7ee92ab289a656d6ea') in 0.002249 seconds
  Import took 0.004065 seconds .

AssetImportWorkerClient::OnTransportError - code=2 error=End of file
