Using pre-set license

 COMMAND LINE ARGUMENTS:
/Applications/Unity/Hub/Editor/2020.3.9f1/Unity.app/Contents/MacOS/Unity
-adb2
-batchMode
-noUpm
-name
AssetImportWorker0
-projectPath
/Users/alessia/Documents/Fall2021/Thesis/BirdGame
-logFile
Logs/AssetImportWorker0.log
-srvPort
49401
Successfully changed project path to: /Users/alessia/Documents/Fall2021/Thesis/BirdGame
/Users/alessia/Documents/Fall2021/Thesis/BirdGame
Using Asset Import Pipeline V2.
Refreshing native plugins compatible for Editor in 43.85 ms, found 2 plugins.
Preloading 0 native plugins for Editor in 0.00 ms.
Initialize engine version: 2020.3.9f1 (108be757e447)
[Subsystems] Discovering subsystems at path /Applications/Unity/Hub/Editor/2020.3.9f1/Unity.app/Contents/Resources/UnitySubsystems
[Subsystems] Discovering subsystems at path /Users/alessia/Documents/Fall2021/Thesis/BirdGame/Assets
GfxDevice: creating device client; threaded=0
2021-10-04 18:24:29.233 Unity[45240:2164361] (null) preferred device: Apple M1 (high power)
2021-10-04 18:24:29.233 Unity[45240:2164361] Metal devices available: 1
2021-10-04 18:24:29.233 Unity[45240:2164361] 0: Apple M1 (high power)
2021-10-04 18:24:29.233 Unity[45240:2164361] Using device Apple M1 (high power)
Initializing Metal device caps: Apple M1
Initialize mono
Mono path[0] = '/Applications/Unity/Hub/Editor/2020.3.9f1/Unity.app/Contents/Managed'
Mono path[1] = '/Applications/Unity/Hub/Editor/2020.3.9f1/Unity.app/Contents/MonoBleedingEdge/lib/mono/unityjit'
Mono config path = '/Applications/Unity/Hub/Editor/2020.3.9f1/Unity.app/Contents/MonoBleedingEdge/etc'
Using monoOptions --debugger-agent=transport=dt_socket,embedding=1,server=y,suspend=n,address=127.0.0.1:56240
Begin MonoManager ReloadAssembly
Registering precompiled unity dll's ...
Register platform support module: /Applications/Unity/Hub/Editor/2020.3.9f1/PlaybackEngines/WebGLSupport/UnityEditor.WebGL.Extensions.dll
Register platform support module: /Applications/Unity/Hub/Editor/2020.3.9f1/Unity.app/Contents/PlaybackEngines/MacStandaloneSupport/UnityEditor.OSXStandalone.Extensions.dll
Register platform support module: /Applications/Unity/Hub/Editor/2020.3.9f1/PlaybackEngines/WindowsStandaloneSupport/UnityEditor.WindowsStandalone.Extensions.dll
Registered in 0.001854 seconds.
Native extension for WindowsStandalone target not found
Native extension for OSXStandalone target not found
Native extension for WebGL target not found
Refreshing native plugins compatible for Editor in 46.49 ms, found 2 plugins.
Preloading 0 native plugins for Editor in 0.00 ms.
Mono: successfully reloaded assembly
- Completed reload, in  3.288 seconds
Platform modules already initialized, skipping
Registering precompiled user dll's ...
Registered in 0.000982 seconds.
Begin MonoManager ReloadAssembly
Native extension for WindowsStandalone target not found
Native extension for OSXStandalone target not found
Native extension for WebGL target not found
Refreshing native plugins compatible for Editor in 46.75 ms, found 2 plugins.
Preloading 0 native plugins for Editor in 0.00 ms.
Mono: successfully reloaded assembly
- Completed reload, in  3.939 seconds
Platform modules already initialized, skipping
========================================================================
Worker process is ready to serve import requests
Launching external process: /Applications/Unity/Hub/Editor/2020.3.9f1/Unity.app/Contents/Tools/UnityShaderCompiler
Launched and connected shader compiler UnityShaderCompiler after 0.06 seconds
Refreshing native plugins compatible for Editor in 0.39 ms, found 2 plugins.
Preloading 0 native plugins for Editor in 0.00 ms.
Unloading 2149 Unused Serialized files (Serialized files now loaded: 0)
System memory in use before: 163.7 MB.
System memory in use after: 163.8 MB.

Unloading 21 unused Assets to reduce memory usage. Loaded Objects now: 2600.
Total: 1.770708 ms (FindLiveObjects: 0.222750 ms CreateObjectMapping: 0.044000 ms MarkObjects: 1.426083 ms  DeleteObjects: 0.076541 ms)

========================================================================
Received Prepare
Registering precompiled user dll's ...
Registered in 0.000906 seconds.
Begin MonoManager ReloadAssembly
Native extension for WindowsStandalone target not found
Native extension for OSXStandalone target not found
Native extension for WebGL target not found
Refreshing native plugins compatible for Editor in 0.67 ms, found 2 plugins.
Preloading 0 native plugins for Editor in 0.00 ms.
Mono: successfully reloaded assembly
- Completed reload, in  2.686 seconds
Platform modules already initialized, skipping
Refreshing native plugins compatible for Editor in 0.62 ms, found 2 plugins.
Preloading 0 native plugins for Editor in 0.00 ms.
Unloading 2125 Unused Serialized files (Serialized files now loaded: 0)
System memory in use before: 162.1 MB.
System memory in use after: 162.2 MB.

Unloading 7 unused Assets to reduce memory usage. Loaded Objects now: 2604.
Total: 2.078375 ms (FindLiveObjects: 0.259958 ms CreateObjectMapping: 0.046417 ms MarkObjects: 1.744500 ms  DeleteObjects: 0.025875 ms)

========================================================================
Received Import Request.
  path: Assets/Scripts/PrototypeThree/SavePlayerMotion.cs
  artifactKey: Guid(badc21ff9e64b4d35b61216f9c7ec599) Importer(815301076,1909f56bfc062723c751e8b465ee728b)
Start importing Assets/Scripts/PrototypeThree/SavePlayerMotion.cs using Guid(badc21ff9e64b4d35b61216f9c7ec599) Importer(815301076,1909f56bfc062723c751e8b465ee728b)  -> (artifact id: '56aea7b5ba22790b24b03b9a2df71f15') in 0.479947 seconds
  Import took 0.485199 seconds .

========================================================================
Received Prepare
Registering precompiled user dll's ...
Registered in 0.001269 seconds.
Begin MonoManager ReloadAssembly
Native extension for WindowsStandalone target not found
Native extension for OSXStandalone target not found
Native extension for WebGL target not found
Refreshing native plugins compatible for Editor in 0.37 ms, found 2 plugins.
Preloading 0 native plugins for Editor in 0.00 ms.
Mono: successfully reloaded assembly
- Completed reload, in  2.493 seconds
Platform modules already initialized, skipping
Refreshing native plugins compatible for Editor in 0.33 ms, found 2 plugins.
Preloading 0 native plugins for Editor in 0.00 ms.
Unloading 2125 Unused Serialized files (Serialized files now loaded: 0)
System memory in use before: 166.7 MB.
System memory in use after: 166.9 MB.

Unloading 7 unused Assets to reduce memory usage. Loaded Objects now: 2608.
Total: 1.572250 ms (FindLiveObjects: 0.169416 ms CreateObjectMapping: 0.042875 ms MarkObjects: 1.341875 ms  DeleteObjects: 0.017250 ms)

========================================================================
Received Import Request.
  Time since last request: 873.810371 seconds.
  path: Assets/Scripts/PrototypeThree/SavePlayerMotion.cs
  artifactKey: Guid(badc21ff9e64b4d35b61216f9c7ec599) Importer(815301076,1909f56bfc062723c751e8b465ee728b)
Start importing Assets/Scripts/PrototypeThree/SavePlayerMotion.cs using Guid(badc21ff9e64b4d35b61216f9c7ec599) Importer(815301076,1909f56bfc062723c751e8b465ee728b)  -> (artifact id: 'd4ebe7acc88dabdabca6d3c39803a5e0') in 0.009246 seconds
  Import took 0.011943 seconds .

========================================================================
Received Import Request.
  Time since last request: 407.185522 seconds.
  path: Assets/Scripts/PrototypeThree/ClickableTile.cs
  artifactKey: Guid(44bb9e4b580cb4c73b0eb91180771d8c) Importer(815301076,1909f56bfc062723c751e8b465ee728b)
Start importing Assets/Scripts/PrototypeThree/ClickableTile.cs using Guid(44bb9e4b580cb4c73b0eb91180771d8c) Importer(815301076,1909f56bfc062723c751e8b465ee728b)  -> (artifact id: '553c03d2743707ce30be94086fc0ad7a') in 0.002061 seconds
  Import took 0.006374 seconds .

========================================================================
Received Import Request.
  Time since last request: 0.002049 seconds.
  path: Assets/Scripts/PrototypeThree/ClickableTile.cs
  artifactKey: Guid(44bb9e4b580cb4c73b0eb91180771d8c) Importer(815301076,1909f56bfc062723c751e8b465ee728b)
Start importing Assets/Scripts/PrototypeThree/ClickableTile.cs using Guid(44bb9e4b580cb4c73b0eb91180771d8c) Importer(815301076,1909f56bfc062723c751e8b465ee728b)  -> (artifact id: '553c03d2743707ce30be94086fc0ad7a') in 0.002147 seconds
  Import took 0.005224 seconds .

========================================================================
Received Prepare
Registering precompiled user dll's ...
Registered in 0.000990 seconds.
Begin MonoManager ReloadAssembly
Native extension for WindowsStandalone target not found
Native extension for OSXStandalone target not found
Native extension for WebGL target not found
Refreshing native plugins compatible for Editor in 0.45 ms, found 2 plugins.
Preloading 0 native plugins for Editor in 0.00 ms.
Mono: successfully reloaded assembly
- Completed reload, in  3.256 seconds
Platform modules already initialized, skipping
Refreshing native plugins compatible for Editor in 0.38 ms, found 2 plugins.
Preloading 0 native plugins for Editor in 0.00 ms.
Unloading 2125 Unused Serialized files (Serialized files now loaded: 0)
System memory in use before: 167.0 MB.
System memory in use after: 167.1 MB.

Unloading 7 unused Assets to reduce memory usage. Loaded Objects now: 2612.
Total: 1.841875 ms (FindLiveObjects: 0.172083 ms CreateObjectMapping: 0.043708 ms MarkObjects: 1.606542 ms  DeleteObjects: 0.018208 ms)

========================================================================
Received Prepare
Registering precompiled user dll's ...
Registered in 0.000937 seconds.
Begin MonoManager ReloadAssembly
Native extension for WindowsStandalone target not found
Native extension for OSXStandalone target not found
Native extension for WebGL target not found
Refreshing native plugins compatible for Editor in 0.41 ms, found 2 plugins.
Preloading 0 native plugins for Editor in 0.00 ms.
Mono: successfully reloaded assembly
- Completed reload, in  2.562 seconds
Platform modules already initialized, skipping
Refreshing native plugins compatible for Editor in 0.35 ms, found 2 plugins.
Preloading 0 native plugins for Editor in 0.00 ms.
Unloading 2125 Unused Serialized files (Serialized files now loaded: 0)
System memory in use before: 167.2 MB.
System memory in use after: 167.3 MB.

Unloading 7 unused Assets to reduce memory usage. Loaded Objects now: 2616.
Total: 1.962833 ms (FindLiveObjects: 0.531125 ms CreateObjectMapping: 0.046375 ms MarkObjects: 1.359958 ms  DeleteObjects: 0.024208 ms)

========================================================================
Received Prepare
Registering precompiled user dll's ...
Registered in 0.000679 seconds.
Begin MonoManager ReloadAssembly
Native extension for WindowsStandalone target not found
Native extension for OSXStandalone target not found
Native extension for WebGL target not found
Refreshing native plugins compatible for Editor in 0.38 ms, found 2 plugins.
Preloading 0 native plugins for Editor in 0.00 ms.
Mono: successfully reloaded assembly
- Completed reload, in  2.355 seconds
Platform modules already initialized, skipping
Refreshing native plugins compatible for Editor in 0.35 ms, found 2 plugins.
Preloading 0 native plugins for Editor in 0.00 ms.
Unloading 2125 Unused Serialized files (Serialized files now loaded: 0)
System memory in use before: 167.5 MB.
System memory in use after: 167.6 MB.

Unloading 7 unused Assets to reduce memory usage. Loaded Objects now: 2620.
Total: 1.586583 ms (FindLiveObjects: 0.128459 ms CreateObjectMapping: 0.043209 ms MarkObjects: 1.397791 ms  DeleteObjects: 0.015958 ms)

========================================================================
Received Prepare
Registering precompiled user dll's ...
Registered in 0.001310 seconds.
Begin MonoManager ReloadAssembly
Native extension for WindowsStandalone target not found
Native extension for OSXStandalone target not found
Native extension for WebGL target not found
Refreshing native plugins compatible for Editor in 0.35 ms, found 2 plugins.
Preloading 0 native plugins for Editor in 0.00 ms.
Mono: successfully reloaded assembly
- Completed reload, in  2.004 seconds
Platform modules already initialized, skipping
Refreshing native plugins compatible for Editor in 0.34 ms, found 2 plugins.
Preloading 0 native plugins for Editor in 0.00 ms.
Unloading 2125 Unused Serialized files (Serialized files now loaded: 0)
System memory in use before: 167.7 MB.
System memory in use after: 167.8 MB.

Unloading 7 unused Assets to reduce memory usage. Loaded Objects now: 2624.
Total: 1.634625 ms (FindLiveObjects: 0.124083 ms CreateObjectMapping: 0.042500 ms MarkObjects: 1.451458 ms  DeleteObjects: 0.015500 ms)

========================================================================
Received Import Request.
  Time since last request: 1142.090946 seconds.
  path: Assets/Scripts/PrototypeThree/BeatsPlannedfor.cs
  artifactKey: Guid(7519615dd53104880b1423ca078d1bbb) Importer(815301076,1909f56bfc062723c751e8b465ee728b)
Start importing Assets/Scripts/PrototypeThree/BeatsPlannedfor.cs using Guid(7519615dd53104880b1423ca078d1bbb) Importer(815301076,1909f56bfc062723c751e8b465ee728b)  -> (artifact id: '2d1d727c4c66d34eef8ade98fdf2141c') in 0.011931 seconds
  Import took 0.016059 seconds .

========================================================================
Received Prepare
Registering precompiled user dll's ...
Registered in 0.000735 seconds.
Begin MonoManager ReloadAssembly
Native extension for WindowsStandalone target not found
Native extension for OSXStandalone target not found
Native extension for WebGL target not found
Refreshing native plugins compatible for Editor in 0.39 ms, found 2 plugins.
Preloading 0 native plugins for Editor in 0.00 ms.
Mono: successfully reloaded assembly
- Completed reload, in  2.361 seconds
Platform modules already initialized, skipping
Refreshing native plugins compatible for Editor in 0.38 ms, found 2 plugins.
Preloading 0 native plugins for Editor in 0.00 ms.
Unloading 2126 Unused Serialized files (Serialized files now loaded: 0)
System memory in use before: 168.0 MB.
System memory in use after: 168.1 MB.

Unloading 7 unused Assets to reduce memory usage. Loaded Objects now: 2629.
Total: 2.141667 ms (FindLiveObjects: 0.278458 ms CreateObjectMapping: 0.045000 ms MarkObjects: 1.798708 ms  DeleteObjects: 0.018708 ms)

========================================================================
Received Import Request.
  Time since last request: 30.150806 seconds.
  path: Assets/Scripts/PrototypeThree/BeatsPlannedfor.cs
  artifactKey: Guid(7519615dd53104880b1423ca078d1bbb) Importer(815301076,1909f56bfc062723c751e8b465ee728b)
Start importing Assets/Scripts/PrototypeThree/BeatsPlannedfor.cs using Guid(7519615dd53104880b1423ca078d1bbb) Importer(815301076,1909f56bfc062723c751e8b465ee728b)  -> (artifact id: '46c26217211012e42b1a88cd4f320b17') in 0.008226 seconds
  Import took 0.011501 seconds .

========================================================================
Received Prepare
Registering precompiled user dll's ...
Registered in 0.000858 seconds.
Begin MonoManager ReloadAssembly
Native extension for WindowsStandalone target not found
Native extension for OSXStandalone target not found
Native extension for WebGL target not found
Refreshing native plugins compatible for Editor in 0.36 ms, found 2 plugins.
Preloading 0 native plugins for Editor in 0.00 ms.
Mono: successfully reloaded assembly
- Completed reload, in  2.221 seconds
Platform modules already initialized, skipping
Refreshing native plugins compatible for Editor in 0.37 ms, found 2 plugins.
Preloading 0 native plugins for Editor in 0.00 ms.
Unloading 2126 Unused Serialized files (Serialized files now loaded: 0)
System memory in use before: 168.2 MB.
System memory in use after: 168.3 MB.

Unloading 7 unused Assets to reduce memory usage. Loaded Objects now: 2633.
Total: 1.955625 ms (FindLiveObjects: 0.172458 ms CreateObjectMapping: 0.048542 ms MarkObjects: 1.712334 ms  DeleteObjects: 0.021416 ms)

========================================================================
Received Import Request.
  Time since last request: 75.735499 seconds.
  path: Assets/Scripts/PrototypeThree/BeatsPlannedfor.cs
  artifactKey: Guid(7519615dd53104880b1423ca078d1bbb) Importer(815301076,1909f56bfc062723c751e8b465ee728b)
Start importing Assets/Scripts/PrototypeThree/BeatsPlannedfor.cs using Guid(7519615dd53104880b1423ca078d1bbb) Importer(815301076,1909f56bfc062723c751e8b465ee728b)  -> (artifact id: '179a1b18f3a10d183ac0d5b2fa54836d') in 0.011091 seconds
  Import took 0.017299 seconds .

========================================================================
Received Prepare
Registering precompiled user dll's ...
Registered in 0.000656 seconds.
Begin MonoManager ReloadAssembly
Native extension for WindowsStandalone target not found
Native extension for OSXStandalone target not found
Native extension for WebGL target not found
Refreshing native plugins compatible for Editor in 0.35 ms, found 2 plugins.
Preloading 0 native plugins for Editor in 0.00 ms.
Mono: successfully reloaded assembly
- Completed reload, in  2.364 seconds
Platform modules already initialized, skipping
Refreshing native plugins compatible for Editor in 0.38 ms, found 2 plugins.
Preloading 0 native plugins for Editor in 0.00 ms.
Unloading 2126 Unused Serialized files (Serialized files now loaded: 0)
System memory in use before: 168.4 MB.
System memory in use after: 168.6 MB.

Unloading 7 unused Assets to reduce memory usage. Loaded Objects now: 2637.
Total: 1.628125 ms (FindLiveObjects: 0.158584 ms CreateObjectMapping: 0.042459 ms MarkObjects: 1.410666 ms  DeleteObjects: 0.015292 ms)

========================================================================
Received Import Request.
  Time since last request: 15.689624 seconds.
  path: Assets/Scripts/PrototypeThree/BeatsPlannedfor.cs
  artifactKey: Guid(7519615dd53104880b1423ca078d1bbb) Importer(815301076,1909f56bfc062723c751e8b465ee728b)
Start importing Assets/Scripts/PrototypeThree/BeatsPlannedfor.cs using Guid(7519615dd53104880b1423ca078d1bbb) Importer(815301076,1909f56bfc062723c751e8b465ee728b)  -> (artifact id: '92edbb6a5fc15ba70eb02d97dec65d8c') in 0.007324 seconds
  Import took 0.010245 seconds .

========================================================================
Received Prepare
Registering precompiled user dll's ...
Registered in 0.000472 seconds.
Begin MonoManager ReloadAssembly
Native extension for WindowsStandalone target not found
Native extension for OSXStandalone target not found
Native extension for WebGL target not found
Refreshing native plugins compatible for Editor in 0.37 ms, found 2 plugins.
Preloading 0 native plugins for Editor in 0.00 ms.
Mono: successfully reloaded assembly
- Completed reload, in  2.103 seconds
Platform modules already initialized, skipping
Refreshing native plugins compatible for Editor in 0.31 ms, found 2 plugins.
Preloading 0 native plugins for Editor in 0.00 ms.
Unloading 2126 Unused Serialized files (Serialized files now loaded: 0)
System memory in use before: 168.7 MB.
System memory in use after: 168.8 MB.

Unloading 7 unused Assets to reduce memory usage. Loaded Objects now: 2641.
Total: 1.533875 ms (FindLiveObjects: 0.110583 ms CreateObjectMapping: 0.042084 ms MarkObjects: 1.365125 ms  DeleteObjects: 0.015000 ms)

========================================================================
Received Prepare
Registering precompiled user dll's ...
Registered in 0.000862 seconds.
Begin MonoManager ReloadAssembly
Native extension for WindowsStandalone target not found
Native extension for OSXStandalone target not found
Native extension for WebGL target not found
Refreshing native plugins compatible for Editor in 0.36 ms, found 2 plugins.
Preloading 0 native plugins for Editor in 0.00 ms.
Mono: successfully reloaded assembly
- Completed reload, in  2.242 seconds
Platform modules already initialized, skipping
Refreshing native plugins compatible for Editor in 0.37 ms, found 2 plugins.
Preloading 0 native plugins for Editor in 0.00 ms.
Unloading 2126 Unused Serialized files (Serialized files now loaded: 0)
System memory in use before: 168.9 MB.
System memory in use after: 169.0 MB.

Unloading 7 unused Assets to reduce memory usage. Loaded Objects now: 2645.
Total: 1.699208 ms (FindLiveObjects: 0.178542 ms CreateObjectMapping: 0.042708 ms MarkObjects: 1.454958 ms  DeleteObjects: 0.021875 ms)

========================================================================
Received Prepare
Registering precompiled user dll's ...
Registered in 0.000976 seconds.
Begin MonoManager ReloadAssembly
Native extension for WindowsStandalone target not found
Native extension for OSXStandalone target not found
Native extension for WebGL target not found
Refreshing native plugins compatible for Editor in 0.38 ms, found 2 plugins.
Preloading 0 native plugins for Editor in 0.00 ms.
Mono: successfully reloaded assembly
- Completed reload, in  2.350 seconds
Platform modules already initialized, skipping
Refreshing native plugins compatible for Editor in 0.36 ms, found 2 plugins.
Preloading 0 native plugins for Editor in 0.00 ms.
Unloading 2126 Unused Serialized files (Serialized files now loaded: 0)
System memory in use before: 169.1 MB.
System memory in use after: 169.3 MB.

Unloading 7 unused Assets to reduce memory usage. Loaded Objects now: 2649.
Total: 1.593792 ms (FindLiveObjects: 0.140000 ms CreateObjectMapping: 0.042375 ms MarkObjects: 1.396334 ms  DeleteObjects: 0.014083 ms)

========================================================================
Received Import Request.
  Time since last request: 528.105554 seconds.
  path: Assets/Scripts/PrototypeThree/AxialGridManager.cs
  artifactKey: Guid(80018fd5f5260481482575a93510ea52) Importer(815301076,1909f56bfc062723c751e8b465ee728b)
Start importing Assets/Scripts/PrototypeThree/AxialGridManager.cs using Guid(80018fd5f5260481482575a93510ea52) Importer(815301076,1909f56bfc062723c751e8b465ee728b)  -> (artifact id: 'bdb05151cd8593f7241828e82ef10cdb') in 0.012204 seconds
  Import took 0.016111 seconds .

========================================================================
Received Import Request.
  Time since last request: 0.107490 seconds.
  path: Assets/Scripts/PrototypeThree/AxialGridManager.cs
  artifactKey: Guid(80018fd5f5260481482575a93510ea52) Importer(815301076,1909f56bfc062723c751e8b465ee728b)
Start importing Assets/Scripts/PrototypeThree/AxialGridManager.cs using Guid(80018fd5f5260481482575a93510ea52) Importer(815301076,1909f56bfc062723c751e8b465ee728b)  -> (artifact id: 'bdb05151cd8593f7241828e82ef10cdb') in 0.002055 seconds
  Import took 0.005075 seconds .

========================================================================
Received Import Request.
  Time since last request: 51.227325 seconds.
  path: Assets/Scripts/PrototypeThree/ClickableTile.cs
  artifactKey: Guid(44bb9e4b580cb4c73b0eb91180771d8c) Importer(815301076,1909f56bfc062723c751e8b465ee728b)
Start importing Assets/Scripts/PrototypeThree/ClickableTile.cs using Guid(44bb9e4b580cb4c73b0eb91180771d8c) Importer(815301076,1909f56bfc062723c751e8b465ee728b)  -> (artifact id: 'e416fb8b4d08c95bd5b79744b321b8e5') in 0.003916 seconds
  Import took 0.011171 seconds .

========================================================================
Received Import Request.
  Time since last request: 0.005006 seconds.
  path: Assets/Scripts/PrototypeThree/ClickableTile.cs
  artifactKey: Guid(44bb9e4b580cb4c73b0eb91180771d8c) Importer(815301076,1909f56bfc062723c751e8b465ee728b)
Start importing Assets/Scripts/PrototypeThree/ClickableTile.cs using Guid(44bb9e4b580cb4c73b0eb91180771d8c) Importer(815301076,1909f56bfc062723c751e8b465ee728b)  -> (artifact id: 'e416fb8b4d08c95bd5b79744b321b8e5') in 0.002211 seconds
  Import took 0.005465 seconds .

========================================================================
Received Prepare
Registering precompiled user dll's ...
Registered in 0.000811 seconds.
Begin MonoManager ReloadAssembly
Native extension for WindowsStandalone target not found
Native extension for OSXStandalone target not found
Native extension for WebGL target not found
Refreshing native plugins compatible for Editor in 0.38 ms, found 2 plugins.
Preloading 0 native plugins for Editor in 0.00 ms.
Mono: successfully reloaded assembly
- Completed reload, in  2.145 seconds
Platform modules already initialized, skipping
Refreshing native plugins compatible for Editor in 0.33 ms, found 2 plugins.
Preloading 0 native plugins for Editor in 0.00 ms.
Unloading 2126 Unused Serialized files (Serialized files now loaded: 0)
System memory in use before: 169.4 MB.
System memory in use after: 169.5 MB.

Unloading 7 unused Assets to reduce memory usage. Loaded Objects now: 2653.
Total: 1.549958 ms (FindLiveObjects: 0.151292 ms CreateObjectMapping: 0.044208 ms MarkObjects: 1.336583 ms  DeleteObjects: 0.017042 ms)

========================================================================
Received Prepare
Registering precompiled user dll's ...
Registered in 0.000486 seconds.
Begin MonoManager ReloadAssembly
Native extension for WindowsStandalone target not found
Native extension for OSXStandalone target not found
Native extension for WebGL target not found
Refreshing native plugins compatible for Editor in 0.51 ms, found 2 plugins.
Preloading 0 native plugins for Editor in 0.00 ms.
Mono: successfully reloaded assembly
- Completed reload, in  2.114 seconds
Platform modules already initialized, skipping
Refreshing native plugins compatible for Editor in 0.38 ms, found 2 plugins.
Preloading 0 native plugins for Editor in 0.00 ms.
Unloading 2126 Unused Serialized files (Serialized files now loaded: 0)
System memory in use before: 169.6 MB.
System memory in use after: 169.7 MB.

Unloading 7 unused Assets to reduce memory usage. Loaded Objects now: 2657.
Total: 1.937208 ms (FindLiveObjects: 0.126875 ms CreateObjectMapping: 0.043708 ms MarkObjects: 1.749833 ms  DeleteObjects: 0.015792 ms)

========================================================================
Received Prepare
Registering precompiled user dll's ...
Registered in 0.000487 seconds.
Begin MonoManager ReloadAssembly
Native extension for WindowsStandalone target not found
Native extension for OSXStandalone target not found
Native extension for WebGL target not found
Refreshing native plugins compatible for Editor in 0.36 ms, found 2 plugins.
Preloading 0 native plugins for Editor in 0.00 ms.
Mono: successfully reloaded assembly
- Completed reload, in  2.133 seconds
Platform modules already initialized, skipping
Refreshing native plugins compatible for Editor in 0.36 ms, found 2 plugins.
Preloading 0 native plugins for Editor in 0.00 ms.
Unloading 2126 Unused Serialized files (Serialized files now loaded: 0)
System memory in use before: 169.8 MB.
System memory in use after: 170.0 MB.

Unloading 7 unused Assets to reduce memory usage. Loaded Objects now: 2661.
Total: 1.768125 ms (FindLiveObjects: 0.261250 ms CreateObjectMapping: 0.053875 ms MarkObjects: 1.431916 ms  DeleteObjects: 0.019125 ms)

========================================================================
Received Prepare
Registering precompiled user dll's ...
Registered in 0.000524 seconds.
Begin MonoManager ReloadAssembly
Native extension for WindowsStandalone target not found
Native extension for OSXStandalone target not found
Native extension for WebGL target not found
Refreshing native plugins compatible for Editor in 0.36 ms, found 2 plugins.
Preloading 0 native plugins for Editor in 0.00 ms.
Mono: successfully reloaded assembly
- Completed reload, in  2.045 seconds
Platform modules already initialized, skipping
Refreshing native plugins compatible for Editor in 0.36 ms, found 2 plugins.
Preloading 0 native plugins for Editor in 0.00 ms.
Unloading 2126 Unused Serialized files (Serialized files now loaded: 0)
System memory in use before: 170.1 MB.
System memory in use after: 170.2 MB.

Unloading 7 unused Assets to reduce memory usage. Loaded Objects now: 2665.
Total: 1.574083 ms (FindLiveObjects: 0.129375 ms CreateObjectMapping: 0.042584 ms MarkObjects: 1.386458 ms  DeleteObjects: 0.014917 ms)

========================================================================
Received Prepare
Registering precompiled user dll's ...
Registered in 0.000504 seconds.
Begin MonoManager ReloadAssembly
Native extension for WindowsStandalone target not found
Native extension for OSXStandalone target not found
Native extension for WebGL target not found
Refreshing native plugins compatible for Editor in 0.38 ms, found 2 plugins.
Preloading 0 native plugins for Editor in 0.00 ms.
Mono: successfully reloaded assembly
- Completed reload, in  2.093 seconds
Platform modules already initialized, skipping
Refreshing native plugins compatible for Editor in 0.35 ms, found 2 plugins.
Preloading 0 native plugins for Editor in 0.00 ms.
Unloading 2126 Unused Serialized files (Serialized files now loaded: 0)
System memory in use before: 170.3 MB.
System memory in use after: 170.4 MB.

Unloading 7 unused Assets to reduce memory usage. Loaded Objects now: 2669.
Total: 1.625625 ms (FindLiveObjects: 0.188666 ms CreateObjectMapping: 0.044000 ms MarkObjects: 1.376625 ms  DeleteObjects: 0.015083 ms)

========================================================================
Received Prepare
Registering precompiled user dll's ...
Registered in 0.001490 seconds.
Begin MonoManager ReloadAssembly
Native extension for WindowsStandalone target not found
Native extension for OSXStandalone target not found
Native extension for WebGL target not found
Refreshing native plugins compatible for Editor in 0.35 ms, found 2 plugins.
Preloading 0 native plugins for Editor in 0.00 ms.
Mono: successfully reloaded assembly
- Completed reload, in  2.007 seconds
Platform modules already initialized, skipping
Refreshing native plugins compatible for Editor in 0.39 ms, found 2 plugins.
Preloading 0 native plugins for Editor in 0.00 ms.
Unloading 2126 Unused Serialized files (Serialized files now loaded: 0)
System memory in use before: 170.5 MB.
System memory in use after: 170.6 MB.

Unloading 7 unused Assets to reduce memory usage. Loaded Objects now: 2673.
Total: 1.502292 ms (FindLiveObjects: 0.117458 ms CreateObjectMapping: 0.042000 ms MarkObjects: 1.328542 ms  DeleteObjects: 0.013459 ms)

========================================================================
Received Prepare
Registering precompiled user dll's ...
Registered in 0.000675 seconds.
Begin MonoManager ReloadAssembly
Native extension for WindowsStandalone target not found
Native extension for OSXStandalone target not found
Native extension for WebGL target not found
Refreshing native plugins compatible for Editor in 0.40 ms, found 2 plugins.
Preloading 0 native plugins for Editor in 0.00 ms.
Mono: successfully reloaded assembly
- Completed reload, in  2.276 seconds
Platform modules already initialized, skipping
Refreshing native plugins compatible for Editor in 0.37 ms, found 2 plugins.
Preloading 0 native plugins for Editor in 0.00 ms.
Unloading 2126 Unused Serialized files (Serialized files now loaded: 0)
System memory in use before: 170.7 MB.
System memory in use after: 170.9 MB.

Unloading 7 unused Assets to reduce memory usage. Loaded Objects now: 2677.
Total: 1.833709 ms (FindLiveObjects: 0.187875 ms CreateObjectMapping: 0.044292 ms MarkObjects: 1.579541 ms  DeleteObjects: 0.020500 ms)

========================================================================
Received Prepare
Registering precompiled user dll's ...
Registered in 0.003615 seconds.
Begin MonoManager ReloadAssembly
Native extension for WindowsStandalone target not found
Native extension for OSXStandalone target not found
Native extension for WebGL target not found
Refreshing native plugins compatible for Editor in 0.36 ms, found 2 plugins.
Preloading 0 native plugins for Editor in 0.00 ms.
Mono: successfully reloaded assembly
- Completed reload, in  2.094 seconds
Platform modules already initialized, skipping
Refreshing native plugins compatible for Editor in 0.35 ms, found 2 plugins.
Preloading 0 native plugins for Editor in 0.00 ms.
Unloading 2126 Unused Serialized files (Serialized files now loaded: 0)
System memory in use before: 171.0 MB.
System memory in use after: 171.1 MB.

Unloading 7 unused Assets to reduce memory usage. Loaded Objects now: 2681.
Total: 1.544750 ms (FindLiveObjects: 0.128583 ms CreateObjectMapping: 0.042416 ms MarkObjects: 1.359167 ms  DeleteObjects: 0.013625 ms)

========================================================================
Received Prepare
Registering precompiled user dll's ...
Registered in 0.001103 seconds.
Begin MonoManager ReloadAssembly
Native extension for WindowsStandalone target not found
Native extension for OSXStandalone target not found
Native extension for WebGL target not found
Refreshing native plugins compatible for Editor in 0.38 ms, found 2 plugins.
Preloading 0 native plugins for Editor in 0.00 ms.
Mono: successfully reloaded assembly
- Completed reload, in  2.013 seconds
Platform modules already initialized, skipping
Refreshing native plugins compatible for Editor in 0.31 ms, found 2 plugins.
Preloading 0 native plugins for Editor in 0.00 ms.
Unloading 2126 Unused Serialized files (Serialized files now loaded: 0)
System memory in use before: 171.2 MB.
System memory in use after: 171.3 MB.

Unloading 7 unused Assets to reduce memory usage. Loaded Objects now: 2685.
Total: 1.494625 ms (FindLiveObjects: 0.116042 ms CreateObjectMapping: 0.042541 ms MarkObjects: 1.319584 ms  DeleteObjects: 0.015542 ms)

========================================================================
Received Import Request.
  Time since last request: 289.887121 seconds.
  path: Assets/Prefabs/HexTile.prefab
  artifactKey: Guid(3b9a4f22a27ef44798576e198f987243) Importer(815301076,1909f56bfc062723c751e8b465ee728b)
Start importing Assets/Prefabs/HexTile.prefab using Guid(3b9a4f22a27ef44798576e198f987243) Importer(815301076,1909f56bfc062723c751e8b465ee728b)  -> (artifact id: 'a0b8b875a64330a6e8d7946cc220b0f9') in 0.986699 seconds
  Import took 0.989869 seconds .

========================================================================
Received Import Request.
  Time since last request: 0.268329 seconds.
  path: Assets/Prefabs/HexTile.prefab
  artifactKey: Guid(3b9a4f22a27ef44798576e198f987243) Importer(815301076,1909f56bfc062723c751e8b465ee728b)
Start importing Assets/Prefabs/HexTile.prefab using Guid(3b9a4f22a27ef44798576e198f987243) Importer(815301076,1909f56bfc062723c751e8b465ee728b)  -> (artifact id: 'a0b8b875a64330a6e8d7946cc220b0f9') in 0.015000 seconds
  Import took 0.018001 seconds .

========================================================================
Received Prepare
Registering precompiled user dll's ...
Registered in 0.000531 seconds.
Begin MonoManager ReloadAssembly
Native extension for WindowsStandalone target not found
Native extension for OSXStandalone target not found
Native extension for WebGL target not found
Refreshing native plugins compatible for Editor in 0.35 ms, found 2 plugins.
Preloading 0 native plugins for Editor in 0.00 ms.
Mono: successfully reloaded assembly
- Completed reload, in  2.020 seconds
Platform modules already initialized, skipping
Refreshing native plugins compatible for Editor in 0.39 ms, found 2 plugins.
Preloading 0 native plugins for Editor in 0.00 ms.
Unloading 2126 Unused Serialized files (Serialized files now loaded: 0)
System memory in use before: 179.0 MB.
System memory in use after: 179.1 MB.

Unloading 7 unused Assets to reduce memory usage. Loaded Objects now: 2696.
Total: 1.524792 ms (FindLiveObjects: 0.128958 ms CreateObjectMapping: 0.042625 ms MarkObjects: 1.338250 ms  DeleteObjects: 0.013917 ms)

========================================================================
Received Import Request.
  Time since last request: 34.244340 seconds.
  path: Assets/Prefabs/HexTile.prefab
  artifactKey: Guid(3b9a4f22a27ef44798576e198f987243) Importer(815301076,1909f56bfc062723c751e8b465ee728b)
Start importing Assets/Prefabs/HexTile.prefab using Guid(3b9a4f22a27ef44798576e198f987243) Importer(815301076,1909f56bfc062723c751e8b465ee728b)  -> (artifact id: 'fb0909789cdac211eada29100c884bbd') in 0.181602 seconds
  Import took 0.184500 seconds .

========================================================================
Received Prepare
Registering precompiled user dll's ...
Registered in 0.002346 seconds.
Begin MonoManager ReloadAssembly
Native extension for WindowsStandalone target not found
Native extension for OSXStandalone target not found
Native extension for WebGL target not found
Refreshing native plugins compatible for Editor in 0.35 ms, found 2 plugins.
Preloading 0 native plugins for Editor in 0.00 ms.
Mono: successfully reloaded assembly
- Completed reload, in  2.181 seconds
Platform modules already initialized, skipping
Refreshing native plugins compatible for Editor in 0.32 ms, found 2 plugins.
Preloading 0 native plugins for Editor in 0.00 ms.
Unloading 2126 Unused Serialized files (Serialized files now loaded: 0)
System memory in use before: 179.4 MB.
System memory in use after: 179.5 MB.

Unloading 7 unused Assets to reduce memory usage. Loaded Objects now: 2701.
Total: 1.949417 ms (FindLiveObjects: 0.148250 ms CreateObjectMapping: 0.042750 ms MarkObjects: 1.738958 ms  DeleteObjects: 0.018708 ms)

