Using pre-set license
Built from '2020.3/staging' branch; Version is '2020.3.9f1 (108be757e447) revision 1084391'; Using compiler version '192528614'; Build Type 'Release'
OS: 'Windows 10 Pro; OS build 19041.985; Version 2004; 64bit' Language: 'en' Physical Memory: 32682 MB
BatchMode: 1, IsHumanControllingUs: 0, StartBugReporterOnCrash: 0, Is64bit: 1, IsPro: 0

 COMMAND LINE ARGUMENTS:
C:\Program Files\Unity\Hub\Editor\2020.3.9f1\Editor\Unity.exe
-adb2
-batchMode
-noUpm
-name
AssetImportWorker0
-projectPath
C:/Users/Alessia/Desktop/Thesis Project/Thesis/HDRP Vampire Game
-logFile
Logs/AssetImportWorker0.log
-srvPort
52429
Successfully changed project path to: C:/Users/Alessia/Desktop/Thesis Project/Thesis/HDRP Vampire Game
C:/Users/Alessia/Desktop/Thesis Project/Thesis/HDRP Vampire Game
Using Asset Import Pipeline V2.
Refreshing native plugins compatible for Editor in 67.31 ms, found 0 plugins.
Preloading 0 native plugins for Editor in 0.00 ms.
Initialize engine version: 2020.3.9f1 (108be757e447)
[Subsystems] Discovering subsystems at path C:/Program Files/Unity/Hub/Editor/2020.3.9f1/Editor/Data/Resources/UnitySubsystems
[Subsystems] Discovering subsystems at path C:/Users/Alessia/Desktop/Thesis Project/Thesis/HDRP Vampire Game/Assets
GfxDevice: creating device client; threaded=0
Direct3D:
    Version:  Direct3D 11.0 [level 11.1]
    Renderer: NVIDIA GeForce RTX 2060 SUPER (ID=0x1f06)
    Vendor:   
    VRAM:     8031 MB
    Driver:   27.21.14.5671
Initialize mono
Mono path[0] = 'C:/Program Files/Unity/Hub/Editor/2020.3.9f1/Editor/Data/Managed'
Mono path[1] = 'C:/Program Files/Unity/Hub/Editor/2020.3.9f1/Editor/Data/MonoBleedingEdge/lib/mono/unityjit'
Mono config path = 'C:/Program Files/Unity/Hub/Editor/2020.3.9f1/Editor/Data/MonoBleedingEdge/etc'
Using monoOptions --debugger-agent=transport=dt_socket,embedding=1,server=y,suspend=n,address=127.0.0.1:56072
Begin MonoManager ReloadAssembly
Registering precompiled unity dll's ...
Register platform support module: C:/Program Files/Unity/Hub/Editor/2020.3.9f1/Editor/Data/PlaybackEngines/WindowsStandaloneSupport/UnityEditor.WindowsStandalone.Extensions.dll
Registered in 0.001726 seconds.
Native extension for WindowsStandalone target not found
Refreshing native plugins compatible for Editor in 67.77 ms, found 0 plugins.
Preloading 0 native plugins for Editor in 0.00 ms.
Mono: successfully reloaded assembly
- Completed reload, in  0.892 seconds
Platform modules already initialized, skipping
Registering precompiled user dll's ...
Registered in 0.001129 seconds.
Begin MonoManager ReloadAssembly
Native extension for WindowsStandalone target not found
Refreshing native plugins compatible for Editor in 73.41 ms, found 0 plugins.
Preloading 0 native plugins for Editor in 0.00 ms.
Mono: successfully reloaded assembly
- Completed reload, in  1.142 seconds
Platform modules already initialized, skipping
========================================================================
Worker process is ready to serve import requests
Launched and connected shader compiler UnityShaderCompiler.exe after 0.03 seconds
Refreshing native plugins compatible for Editor in 0.92 ms, found 0 plugins.
Preloading 0 native plugins for Editor in 0.00 ms.
Unloading 3809 Unused Serialized files (Serialized files now loaded: 0)
System memory in use before: 184.9 MB.
System memory in use after: 185.1 MB.

Unloading 13 unused Assets to reduce memory usage. Loaded Objects now: 4270.
Total: 2.631600 ms (FindLiveObjects: 0.404000 ms CreateObjectMapping: 0.103100 ms MarkObjects: 2.057800 ms  DeleteObjects: 0.065500 ms)

========================================================================
Received Import Request.
  path: Assets/ScriptableObjects/SO_Voiceover.cs
  artifactKey: Guid(c1367e10750f07f4d8d7c3a2bbef50d5) Importer(815301076,1909f56bfc062723c751e8b465ee728b)
Start importing Assets/ScriptableObjects/SO_Voiceover.cs using Guid(c1367e10750f07f4d8d7c3a2bbef50d5) Importer(815301076,1909f56bfc062723c751e8b465ee728b)  -> (artifact id: 'a28aeb802a764a7b4814fed5c3fcb3f2') in 0.027489 seconds
  Import took 0.033091 seconds .

========================================================================
Received Import Request.
  Time since last request: 0.000227 seconds.
  path: Assets/ScriptableObjects/TestDialogue.asset
  artifactKey: Guid(3e4d8d85335acef40baccde6dd85d302) Importer(815301076,1909f56bfc062723c751e8b465ee728b)
Start importing Assets/ScriptableObjects/TestDialogue.asset using Guid(3e4d8d85335acef40baccde6dd85d302) Importer(815301076,1909f56bfc062723c751e8b465ee728b)  -> (artifact id: '5fc0a37ba09eeacf3cb719e7817f9565') in 0.015817 seconds
  Import took 0.021521 seconds .

========================================================================
Received Import Request.
  Time since last request: 113.528206 seconds.
  path: Assets/ScriptableObjects/TestDialogue.asset
  artifactKey: Guid(3e4d8d85335acef40baccde6dd85d302) Importer(815301076,1909f56bfc062723c751e8b465ee728b)
Start importing Assets/ScriptableObjects/TestDialogue.asset using Guid(3e4d8d85335acef40baccde6dd85d302) Importer(815301076,1909f56bfc062723c751e8b465ee728b)  -> (artifact id: '62a7b4f382277c9486f0065d0a15f367') in 0.003076 seconds
  Import took 0.009689 seconds .

========================================================================
Received Prepare
Registering precompiled user dll's ...
Registered in 0.001446 seconds.
Begin MonoManager ReloadAssembly
Native extension for WindowsStandalone target not found
Refreshing native plugins compatible for Editor in 0.83 ms, found 0 plugins.
Preloading 0 native plugins for Editor in 0.00 ms.
Mono: successfully reloaded assembly
- Completed reload, in  0.973 seconds
Platform modules already initialized, skipping
Refreshing native plugins compatible for Editor in 0.82 ms, found 0 plugins.
Preloading 0 native plugins for Editor in 0.00 ms.
Unloading 3514 Unused Serialized files (Serialized files now loaded: 0)
System memory in use before: 168.9 MB.
System memory in use after: 169.1 MB.

Unloading 6 unused Assets to reduce memory usage. Loaded Objects now: 4273.
Total: 2.841400 ms (FindLiveObjects: 0.480500 ms CreateObjectMapping: 0.244100 ms MarkObjects: 2.099800 ms  DeleteObjects: 0.015500 ms)

========================================================================
Received Prepare
Registering precompiled user dll's ...
Registered in 0.001510 seconds.
Begin MonoManager ReloadAssembly
Native extension for WindowsStandalone target not found
Refreshing native plugins compatible for Editor in 0.86 ms, found 0 plugins.
Preloading 0 native plugins for Editor in 0.00 ms.
Mono: successfully reloaded assembly
- Completed reload, in  0.965 seconds
Platform modules already initialized, skipping
Refreshing native plugins compatible for Editor in 0.78 ms, found 0 plugins.
Preloading 0 native plugins for Editor in 0.00 ms.
Unloading 3514 Unused Serialized files (Serialized files now loaded: 0)
System memory in use before: 168.9 MB.
System memory in use after: 169.2 MB.

Unloading 6 unused Assets to reduce memory usage. Loaded Objects now: 4276.
Total: 3.008500 ms (FindLiveObjects: 0.358400 ms CreateObjectMapping: 0.094500 ms MarkObjects: 2.540100 ms  DeleteObjects: 0.014500 ms)

========================================================================
Received Prepare
Registering precompiled user dll's ...
Registered in 0.001575 seconds.
Begin MonoManager ReloadAssembly
Native extension for WindowsStandalone target not found
Refreshing native plugins compatible for Editor in 0.79 ms, found 0 plugins.
Preloading 0 native plugins for Editor in 0.00 ms.
Mono: successfully reloaded assembly
- Completed reload, in  0.987 seconds
Platform modules already initialized, skipping
Refreshing native plugins compatible for Editor in 0.79 ms, found 0 plugins.
Preloading 0 native plugins for Editor in 0.00 ms.
Unloading 3514 Unused Serialized files (Serialized files now loaded: 0)
System memory in use before: 169.0 MB.
System memory in use after: 169.2 MB.

Unloading 6 unused Assets to reduce memory usage. Loaded Objects now: 4279.
Total: 2.604300 ms (FindLiveObjects: 0.397600 ms CreateObjectMapping: 0.096000 ms MarkObjects: 2.093300 ms  DeleteObjects: 0.015700 ms)

========================================================================
Received Prepare
Registering precompiled user dll's ...
Registered in 0.002014 seconds.
Begin MonoManager ReloadAssembly
Native extension for WindowsStandalone target not found
Refreshing native plugins compatible for Editor in 1.22 ms, found 0 plugins.
Preloading 0 native plugins for Editor in 0.00 ms.
Mono: successfully reloaded assembly
- Completed reload, in  1.001 seconds
Platform modules already initialized, skipping
Refreshing native plugins compatible for Editor in 0.97 ms, found 0 plugins.
Preloading 0 native plugins for Editor in 0.00 ms.
Unloading 3514 Unused Serialized files (Serialized files now loaded: 0)
System memory in use before: 169.0 MB.
System memory in use after: 169.2 MB.

Unloading 6 unused Assets to reduce memory usage. Loaded Objects now: 4282.
Total: 2.759200 ms (FindLiveObjects: 0.404900 ms CreateObjectMapping: 0.094800 ms MarkObjects: 2.244300 ms  DeleteObjects: 0.013300 ms)

========================================================================
Received Prepare
Registering precompiled user dll's ...
Registered in 0.001571 seconds.
Begin MonoManager ReloadAssembly
Native extension for WindowsStandalone target not found
Refreshing native plugins compatible for Editor in 0.81 ms, found 0 plugins.
Preloading 0 native plugins for Editor in 0.00 ms.
Mono: successfully reloaded assembly
- Completed reload, in  1.015 seconds
Platform modules already initialized, skipping
Refreshing native plugins compatible for Editor in 0.97 ms, found 0 plugins.
Preloading 0 native plugins for Editor in 0.00 ms.
Unloading 3514 Unused Serialized files (Serialized files now loaded: 0)
System memory in use before: 169.0 MB.
System memory in use after: 169.3 MB.

Unloading 6 unused Assets to reduce memory usage. Loaded Objects now: 4285.
Total: 3.651200 ms (FindLiveObjects: 0.632700 ms CreateObjectMapping: 0.185500 ms MarkObjects: 2.808700 ms  DeleteObjects: 0.022400 ms)

========================================================================
Received Prepare
Registering precompiled user dll's ...
Registered in 0.001476 seconds.
Begin MonoManager ReloadAssembly
Native extension for WindowsStandalone target not found
Refreshing native plugins compatible for Editor in 0.84 ms, found 0 plugins.
Preloading 0 native plugins for Editor in 0.00 ms.
Mono: successfully reloaded assembly
- Completed reload, in  0.984 seconds
Platform modules already initialized, skipping
Refreshing native plugins compatible for Editor in 0.78 ms, found 0 plugins.
Preloading 0 native plugins for Editor in 0.00 ms.
Unloading 3514 Unused Serialized files (Serialized files now loaded: 0)
System memory in use before: 169.0 MB.
System memory in use after: 169.3 MB.

Unloading 6 unused Assets to reduce memory usage. Loaded Objects now: 4288.
Total: 2.717000 ms (FindLiveObjects: 0.446800 ms CreateObjectMapping: 0.100600 ms MarkObjects: 2.152300 ms  DeleteObjects: 0.015500 ms)

========================================================================
Received Prepare
Registering precompiled user dll's ...
Registered in 0.001534 seconds.
Begin MonoManager ReloadAssembly
Native extension for WindowsStandalone target not found
Refreshing native plugins compatible for Editor in 0.83 ms, found 0 plugins.
Preloading 0 native plugins for Editor in 0.00 ms.
Mono: successfully reloaded assembly
- Completed reload, in  0.974 seconds
Platform modules already initialized, skipping
Refreshing native plugins compatible for Editor in 0.79 ms, found 0 plugins.
Preloading 0 native plugins for Editor in 0.00 ms.
Unloading 3514 Unused Serialized files (Serialized files now loaded: 0)
System memory in use before: 169.0 MB.
System memory in use after: 169.3 MB.

Unloading 6 unused Assets to reduce memory usage. Loaded Objects now: 4291.
Total: 2.940900 ms (FindLiveObjects: 0.457700 ms CreateObjectMapping: 0.111100 ms MarkObjects: 2.354200 ms  DeleteObjects: 0.016400 ms)

========================================================================
Received Prepare
Registering precompiled user dll's ...
Registered in 0.001603 seconds.
Begin MonoManager ReloadAssembly
Native extension for WindowsStandalone target not found
Refreshing native plugins compatible for Editor in 0.96 ms, found 0 plugins.
Preloading 0 native plugins for Editor in 0.00 ms.
Mono: successfully reloaded assembly
- Completed reload, in  1.035 seconds
Platform modules already initialized, skipping
Refreshing native plugins compatible for Editor in 1.24 ms, found 0 plugins.
Preloading 0 native plugins for Editor in 0.00 ms.
Unloading 3514 Unused Serialized files (Serialized files now loaded: 0)
System memory in use before: 169.0 MB.
System memory in use after: 169.3 MB.

Unloading 6 unused Assets to reduce memory usage. Loaded Objects now: 4294.
Total: 2.768600 ms (FindLiveObjects: 0.439000 ms CreateObjectMapping: 0.094400 ms MarkObjects: 2.217900 ms  DeleteObjects: 0.015200 ms)

========================================================================
Received Prepare
Registering precompiled user dll's ...
Registered in 0.001729 seconds.
Begin MonoManager ReloadAssembly
Native extension for WindowsStandalone target not found
Refreshing native plugins compatible for Editor in 0.79 ms, found 0 plugins.
Preloading 0 native plugins for Editor in 0.00 ms.
Mono: successfully reloaded assembly
- Completed reload, in  0.947 seconds
Platform modules already initialized, skipping
Refreshing native plugins compatible for Editor in 0.82 ms, found 0 plugins.
Preloading 0 native plugins for Editor in 0.00 ms.
Unloading 3514 Unused Serialized files (Serialized files now loaded: 0)
System memory in use before: 169.0 MB.
System memory in use after: 169.3 MB.

Unloading 6 unused Assets to reduce memory usage. Loaded Objects now: 4297.
Total: 2.593400 ms (FindLiveObjects: 0.379800 ms CreateObjectMapping: 0.095700 ms MarkObjects: 2.103600 ms  DeleteObjects: 0.013400 ms)

========================================================================
Received Prepare
Registering precompiled user dll's ...
Registered in 0.001574 seconds.
Begin MonoManager ReloadAssembly
Native extension for WindowsStandalone target not found
Refreshing native plugins compatible for Editor in 0.80 ms, found 0 plugins.
Preloading 0 native plugins for Editor in 0.00 ms.
Mono: successfully reloaded assembly
- Completed reload, in  1.014 seconds
Platform modules already initialized, skipping
Refreshing native plugins compatible for Editor in 0.91 ms, found 0 plugins.
Preloading 0 native plugins for Editor in 0.00 ms.
Unloading 3514 Unused Serialized files (Serialized files now loaded: 0)
System memory in use before: 169.1 MB.
System memory in use after: 169.3 MB.

Unloading 6 unused Assets to reduce memory usage. Loaded Objects now: 4300.
Total: 2.640800 ms (FindLiveObjects: 0.416500 ms CreateObjectMapping: 0.088300 ms MarkObjects: 2.120100 ms  DeleteObjects: 0.014500 ms)

========================================================================
Received Prepare
Registering precompiled user dll's ...
Registered in 0.001545 seconds.
Begin MonoManager ReloadAssembly
Native extension for WindowsStandalone target not found
Refreshing native plugins compatible for Editor in 0.90 ms, found 0 plugins.
Preloading 0 native plugins for Editor in 0.00 ms.
Mono: successfully reloaded assembly
- Completed reload, in  0.954 seconds
Platform modules already initialized, skipping
Refreshing native plugins compatible for Editor in 0.81 ms, found 0 plugins.
Preloading 0 native plugins for Editor in 0.00 ms.
Unloading 3514 Unused Serialized files (Serialized files now loaded: 0)
System memory in use before: 169.1 MB.
System memory in use after: 169.3 MB.

Unloading 6 unused Assets to reduce memory usage. Loaded Objects now: 4303.
Total: 2.712200 ms (FindLiveObjects: 0.416000 ms CreateObjectMapping: 0.105900 ms MarkObjects: 2.174500 ms  DeleteObjects: 0.014500 ms)

========================================================================
Received Prepare
Registering precompiled user dll's ...
Registered in 0.001534 seconds.
Begin MonoManager ReloadAssembly
Native extension for WindowsStandalone target not found
Refreshing native plugins compatible for Editor in 0.83 ms, found 0 plugins.
Preloading 0 native plugins for Editor in 0.00 ms.
Mono: successfully reloaded assembly
- Completed reload, in  1.040 seconds
Platform modules already initialized, skipping
Refreshing native plugins compatible for Editor in 0.80 ms, found 0 plugins.
Preloading 0 native plugins for Editor in 0.00 ms.
Unloading 3514 Unused Serialized files (Serialized files now loaded: 0)
System memory in use before: 169.1 MB.
System memory in use after: 169.3 MB.

Unloading 6 unused Assets to reduce memory usage. Loaded Objects now: 4306.
Total: 2.630100 ms (FindLiveObjects: 0.393200 ms CreateObjectMapping: 0.102300 ms MarkObjects: 2.120500 ms  DeleteObjects: 0.012900 ms)

========================================================================
Received Prepare
Registering precompiled user dll's ...
Registered in 0.001504 seconds.
Begin MonoManager ReloadAssembly
Native extension for WindowsStandalone target not found
Refreshing native plugins compatible for Editor in 0.79 ms, found 0 plugins.
Preloading 0 native plugins for Editor in 0.00 ms.
Mono: successfully reloaded assembly
- Completed reload, in  1.011 seconds
Platform modules already initialized, skipping
Refreshing native plugins compatible for Editor in 0.79 ms, found 0 plugins.
Preloading 0 native plugins for Editor in 0.00 ms.
Unloading 3514 Unused Serialized files (Serialized files now loaded: 0)
System memory in use before: 169.1 MB.
System memory in use after: 169.3 MB.

Unloading 6 unused Assets to reduce memory usage. Loaded Objects now: 4309.
Total: 3.394000 ms (FindLiveObjects: 0.378500 ms CreateObjectMapping: 0.095200 ms MarkObjects: 2.899700 ms  DeleteObjects: 0.019200 ms)

========================================================================
Received Prepare
Registering precompiled user dll's ...
Registered in 0.001558 seconds.
Begin MonoManager ReloadAssembly
Native extension for WindowsStandalone target not found
Refreshing native plugins compatible for Editor in 1.52 ms, found 0 plugins.
Preloading 0 native plugins for Editor in 0.00 ms.
Mono: successfully reloaded assembly
- Completed reload, in  1.080 seconds
Platform modules already initialized, skipping
Refreshing native plugins compatible for Editor in 0.78 ms, found 0 plugins.
Preloading 0 native plugins for Editor in 0.00 ms.
Unloading 3514 Unused Serialized files (Serialized files now loaded: 0)
System memory in use before: 169.1 MB.
System memory in use after: 169.3 MB.

Unloading 6 unused Assets to reduce memory usage. Loaded Objects now: 4312.
Total: 2.945700 ms (FindLiveObjects: 0.458900 ms CreateObjectMapping: 0.097400 ms MarkObjects: 2.372000 ms  DeleteObjects: 0.015900 ms)

========================================================================
Received Import Request.
  Time since last request: 508.452252 seconds.
  path: Assets/ScriptableObjects/TestDialogue.asset
  artifactKey: Guid(3e4d8d85335acef40baccde6dd85d302) Importer(815301076,1909f56bfc062723c751e8b465ee728b)
Start importing Assets/ScriptableObjects/TestDialogue.asset using Guid(3e4d8d85335acef40baccde6dd85d302) Importer(815301076,1909f56bfc062723c751e8b465ee728b)  -> (artifact id: 'ab6fd0ee8552f330e25cb8b67b08edda') in 0.106090 seconds
  Import took 0.112349 seconds .

========================================================================
Received Prepare
Registering precompiled user dll's ...
Registered in 0.001809 seconds.
Begin MonoManager ReloadAssembly
Native extension for WindowsStandalone target not found
Refreshing native plugins compatible for Editor in 0.80 ms, found 0 plugins.
Preloading 0 native plugins for Editor in 0.00 ms.
Mono: successfully reloaded assembly
- Completed reload, in  1.039 seconds
Platform modules already initialized, skipping
Refreshing native plugins compatible for Editor in 0.79 ms, found 0 plugins.
Preloading 0 native plugins for Editor in 0.00 ms.
Unloading 3514 Unused Serialized files (Serialized files now loaded: 0)
System memory in use before: 169.1 MB.
System memory in use after: 169.3 MB.

Unloading 6 unused Assets to reduce memory usage. Loaded Objects now: 4315.
Total: 2.778100 ms (FindLiveObjects: 0.402400 ms CreateObjectMapping: 0.112100 ms MarkObjects: 2.248200 ms  DeleteObjects: 0.014300 ms)

========================================================================
Received Prepare
Registering precompiled user dll's ...
Registered in 0.001475 seconds.
Begin MonoManager ReloadAssembly
Native extension for WindowsStandalone target not found
Refreshing native plugins compatible for Editor in 0.77 ms, found 0 plugins.
Preloading 0 native plugins for Editor in 0.00 ms.
Mono: successfully reloaded assembly
- Completed reload, in  1.048 seconds
Platform modules already initialized, skipping
Refreshing native plugins compatible for Editor in 0.81 ms, found 0 plugins.
Preloading 0 native plugins for Editor in 0.00 ms.
Unloading 3562 Unused Serialized files (Serialized files now loaded: 0)
System memory in use before: 170.5 MB.
System memory in use after: 170.7 MB.

Unloading 6 unused Assets to reduce memory usage. Loaded Objects now: 4366.
Total: 2.694600 ms (FindLiveObjects: 0.432600 ms CreateObjectMapping: 0.093800 ms MarkObjects: 2.152800 ms  DeleteObjects: 0.014400 ms)

========================================================================
Received Prepare
Registering precompiled user dll's ...
Registered in 0.001614 seconds.
Begin MonoManager ReloadAssembly
Native extension for WindowsStandalone target not found
Refreshing native plugins compatible for Editor in 0.87 ms, found 0 plugins.
Preloading 0 native plugins for Editor in 0.00 ms.
Mono: successfully reloaded assembly
- Completed reload, in  0.946 seconds
Platform modules already initialized, skipping
Refreshing native plugins compatible for Editor in 0.92 ms, found 0 plugins.
Preloading 0 native plugins for Editor in 0.00 ms.
Unloading 3562 Unused Serialized files (Serialized files now loaded: 0)
System memory in use before: 170.5 MB.
System memory in use after: 170.7 MB.

Unloading 6 unused Assets to reduce memory usage. Loaded Objects now: 4369.
Total: 3.182800 ms (FindLiveObjects: 0.470100 ms CreateObjectMapping: 0.096300 ms MarkObjects: 2.594700 ms  DeleteObjects: 0.020100 ms)

========================================================================
Received Import Request.
  Time since last request: 59441.822538 seconds.
  path: Assets/HDRP Vampire Game.inputactions
  artifactKey: Guid(246e38e05debdd543a0b271a8a6be3b7) Importer(815301076,1909f56bfc062723c751e8b465ee728b)
Start importing Assets/HDRP Vampire Game.inputactions using Guid(246e38e05debdd543a0b271a8a6be3b7) Importer(815301076,1909f56bfc062723c751e8b465ee728b)  -> (artifact id: 'd5efdd8762f07be2f7845e7aae57448e') in 0.040570 seconds
  Import took 0.046608 seconds .

========================================================================
Received Import Request.
  Time since last request: 7.593108 seconds.
  path: Assets/HDRP Vampire Game.inputactions
  artifactKey: Guid(246e38e05debdd543a0b271a8a6be3b7) Importer(815301076,1909f56bfc062723c751e8b465ee728b)
Start importing Assets/HDRP Vampire Game.inputactions using Guid(246e38e05debdd543a0b271a8a6be3b7) Importer(815301076,1909f56bfc062723c751e8b465ee728b)  -> (artifact id: '8e30920459516e5028fb497eefb459bc') in 0.007578 seconds
  Import took 0.013427 seconds .

========================================================================
Received Import Request.
  Time since last request: 0.057985 seconds.
  path: Assets/HDRP Vampire Game.inputactions
  artifactKey: Guid(246e38e05debdd543a0b271a8a6be3b7) Importer(815301076,1909f56bfc062723c751e8b465ee728b)
Start importing Assets/HDRP Vampire Game.inputactions using Guid(246e38e05debdd543a0b271a8a6be3b7) Importer(815301076,1909f56bfc062723c751e8b465ee728b)  -> (artifact id: '8e30920459516e5028fb497eefb459bc') in 0.004969 seconds
  Import took 0.011232 seconds .

========================================================================
Received Prepare
Registering precompiled user dll's ...
Registered in 0.001827 seconds.
Begin MonoManager ReloadAssembly
Native extension for WindowsStandalone target not found
Refreshing native plugins compatible for Editor in 0.94 ms, found 0 plugins.
Preloading 0 native plugins for Editor in 0.00 ms.
Mono: successfully reloaded assembly
- Completed reload, in  1.001 seconds
Platform modules already initialized, skipping
Refreshing native plugins compatible for Editor in 0.81 ms, found 0 plugins.
Preloading 0 native plugins for Editor in 0.00 ms.
Unloading 3563 Unused Serialized files (Serialized files now loaded: 0)
System memory in use before: 170.6 MB.
System memory in use after: 170.8 MB.

Unloading 6 unused Assets to reduce memory usage. Loaded Objects now: 4373.
Total: 3.093400 ms (FindLiveObjects: 0.388700 ms CreateObjectMapping: 0.098000 ms MarkObjects: 2.587000 ms  DeleteObjects: 0.018800 ms)

========================================================================
Received Prepare
Registering precompiled user dll's ...
Registered in 0.001572 seconds.
Begin MonoManager ReloadAssembly
Native extension for WindowsStandalone target not found
Refreshing native plugins compatible for Editor in 0.90 ms, found 0 plugins.
Preloading 0 native plugins for Editor in 0.00 ms.
Mono: successfully reloaded assembly
- Completed reload, in  1.021 seconds
Platform modules already initialized, skipping
Refreshing native plugins compatible for Editor in 0.90 ms, found 0 plugins.
Preloading 0 native plugins for Editor in 0.00 ms.
Unloading 3563 Unused Serialized files (Serialized files now loaded: 0)
System memory in use before: 170.6 MB.
System memory in use after: 170.8 MB.

Unloading 6 unused Assets to reduce memory usage. Loaded Objects now: 4376.
Total: 2.858500 ms (FindLiveObjects: 0.447600 ms CreateObjectMapping: 0.097600 ms MarkObjects: 2.296500 ms  DeleteObjects: 0.015600 ms)

========================================================================
Received Import Request.
  Time since last request: 108438.323341 seconds.
  path: Assets/Scenes/SampleScene
  artifactKey: Guid(6a5ab7f14dc90e245a38a8d287014804) Importer(815301076,1909f56bfc062723c751e8b465ee728b)
Start importing Assets/Scenes/SampleScene using Guid(6a5ab7f14dc90e245a38a8d287014804) Importer(815301076,1909f56bfc062723c751e8b465ee728b)  -> (artifact id: '1556a24f20a23705beaa1e0b0c965e55') in 0.023954 seconds
  Import took 0.036637 seconds .

========================================================================
Received Import Request.
  Time since last request: 0.267529 seconds.
  path: Assets/Scenes/SampleScene/LightingData.asset
  artifactKey: Guid(c9672d4b9a662004a9bf0d3f330e6b36) Importer(815301076,1909f56bfc062723c751e8b465ee728b)
Start importing Assets/Scenes/SampleScene/LightingData.asset using Guid(c9672d4b9a662004a9bf0d3f330e6b36) Importer(815301076,1909f56bfc062723c751e8b465ee728b)  -> (artifact id: '995bb623ab1e116d7792ea0a725852ae') in 0.045567 seconds
  Import took 0.051610 seconds .

========================================================================
Received Import Request.
  Time since last request: 0.000218 seconds.
  path: Assets/Scenes/SampleScene/ReflectionProbe-13.exr
  artifactKey: Guid(5b4b9c42474fea44ea71f98dbbbf883a) Importer(815301076,1909f56bfc062723c751e8b465ee728b)
Start importing Assets/Scenes/SampleScene/ReflectionProbe-13.exr using Guid(5b4b9c42474fea44ea71f98dbbbf883a) Importer(815301076,1909f56bfc062723c751e8b465ee728b)  -> (artifact id: 'ab0e24d52e6da786c01fbe189881ba41') in 0.142563 seconds
  Import took 0.148348 seconds .

========================================================================
Received Import Request.
  Time since last request: 0.000184 seconds.
  path: Assets/Scenes/SampleScene/ReflectionProbe-11.exr
  artifactKey: Guid(1b5727504ffe4b247b09ed4502ffc116) Importer(815301076,1909f56bfc062723c751e8b465ee728b)
Start importing Assets/Scenes/SampleScene/ReflectionProbe-11.exr using Guid(1b5727504ffe4b247b09ed4502ffc116) Importer(815301076,1909f56bfc062723c751e8b465ee728b)  -> (artifact id: 'c9a11b38e75a93184b18329e8b4c8321') in 0.050824 seconds
  Import took 0.055831 seconds .

========================================================================
Received Import Request.
  Time since last request: 0.000215 seconds.
  path: Assets/Scenes/SampleScene/ReflectionProbe-7.exr
  artifactKey: Guid(db9a1847f2c6ae34c9ec4947ce906bc9) Importer(815301076,1909f56bfc062723c751e8b465ee728b)
Start importing Assets/Scenes/SampleScene/ReflectionProbe-7.exr using Guid(db9a1847f2c6ae34c9ec4947ce906bc9) Importer(815301076,1909f56bfc062723c751e8b465ee728b)  -> (artifact id: '6cb502a217f72578d96aaca4c9b2c260') in 0.042536 seconds
  Import took 0.047858 seconds .

========================================================================
Received Import Request.
  Time since last request: 0.000202 seconds.
  path: Assets/Scenes/SampleScene/Lightmap-2_comp_dir.png
  artifactKey: Guid(d0e945dd6a89edd408f301b839717f0a) Importer(815301076,1909f56bfc062723c751e8b465ee728b)
Start importing Assets/Scenes/SampleScene/Lightmap-2_comp_dir.png using Guid(d0e945dd6a89edd408f301b839717f0a) Importer(815301076,1909f56bfc062723c751e8b465ee728b)  -> (artifact id: '4bd9d7bd4e219f8a0c56772490128163') in 0.047250 seconds
  Import took 0.052387 seconds .

========================================================================
Received Import Request.
  Time since last request: 0.000183 seconds.
  path: Assets/Scenes/SampleScene/ReflectionProbe-5.exr
  artifactKey: Guid(84decc14d3cf01c45ad713670f164cb6) Importer(815301076,1909f56bfc062723c751e8b465ee728b)
Start importing Assets/Scenes/SampleScene/ReflectionProbe-5.exr using Guid(84decc14d3cf01c45ad713670f164cb6) Importer(815301076,1909f56bfc062723c751e8b465ee728b)  -> (artifact id: '2620266f8002d60d04e40a8947c835de') in 0.046451 seconds
  Import took 0.051777 seconds .

========================================================================
Received Import Request.
  Time since last request: 0.000221 seconds.
  path: Assets/Scenes/SampleScene/ReflectionProbe-17.exr
  artifactKey: Guid(dbcc65bcafce7e043ac894a6ee6114a2) Importer(815301076,1909f56bfc062723c751e8b465ee728b)
Start importing Assets/Scenes/SampleScene/ReflectionProbe-17.exr using Guid(dbcc65bcafce7e043ac894a6ee6114a2) Importer(815301076,1909f56bfc062723c751e8b465ee728b)  -> (artifact id: 'a7ea7917f4ad2b308d883c05adac18f1') in 0.042554 seconds
  Import took 0.048213 seconds .

========================================================================
Received Import Request.
  Time since last request: 0.000160 seconds.
  path: Assets/Scenes/SampleScene/ReflectionProbe-15.exr
  artifactKey: Guid(d618aadf2e4bb7f4980187df5bb35a33) Importer(815301076,1909f56bfc062723c751e8b465ee728b)
Start importing Assets/Scenes/SampleScene/ReflectionProbe-15.exr using Guid(d618aadf2e4bb7f4980187df5bb35a33) Importer(815301076,1909f56bfc062723c751e8b465ee728b)  -> (artifact id: 'eca23082423089c1fb0dcb85cda38834') in 0.042091 seconds
  Import took 0.047927 seconds .

========================================================================
Received Import Request.
  Time since last request: 0.000171 seconds.
  path: Assets/Scenes/SampleScene/ReflectionProbe-1.exr
  artifactKey: Guid(c3c78b54f15d2fa4cb5ce7168bfcd968) Importer(815301076,1909f56bfc062723c751e8b465ee728b)
Start importing Assets/Scenes/SampleScene/ReflectionProbe-1.exr using Guid(c3c78b54f15d2fa4cb5ce7168bfcd968) Importer(815301076,1909f56bfc062723c751e8b465ee728b)  -> (artifact id: 'ba34840268d45aff57f7664fb420e6c0') in 0.046196 seconds
  Import took 0.051331 seconds .

========================================================================
Received Import Request.
  Time since last request: 0.000179 seconds.
  path: Assets/Scenes/SampleScene/ReflectionProbe-10.exr
  artifactKey: Guid(0b0c990f63a874c4fbeadb86375b8fc8) Importer(815301076,1909f56bfc062723c751e8b465ee728b)
Start importing Assets/Scenes/SampleScene/ReflectionProbe-10.exr using Guid(0b0c990f63a874c4fbeadb86375b8fc8) Importer(815301076,1909f56bfc062723c751e8b465ee728b)  -> (artifact id: '0155aa4f6e293f976816d83e9cf24858') in 0.041668 seconds
  Import took 0.046865 seconds .

========================================================================
Received Import Request.
  Time since last request: 0.000203 seconds.
  path: Assets/Scenes/SampleScene/ReflectionProbe-14.exr
  artifactKey: Guid(ca4b1069cf1d52643a18ad7e7c7d0397) Importer(815301076,1909f56bfc062723c751e8b465ee728b)
Start importing Assets/Scenes/SampleScene/ReflectionProbe-14.exr using Guid(ca4b1069cf1d52643a18ad7e7c7d0397) Importer(815301076,1909f56bfc062723c751e8b465ee728b)  -> (artifact id: '64c295cd62f42cca3f7be5d683430dec') in 0.048366 seconds
  Import took 0.054225 seconds .

========================================================================
Received Import Request.
  Time since last request: 0.000204 seconds.
  path: Assets/Scenes/SampleScene/ReflectionProbe-4.exr
  artifactKey: Guid(a4fc011afaed10c45914eeba07d87322) Importer(815301076,1909f56bfc062723c751e8b465ee728b)
Start importing Assets/Scenes/SampleScene/ReflectionProbe-4.exr using Guid(a4fc011afaed10c45914eeba07d87322) Importer(815301076,1909f56bfc062723c751e8b465ee728b)  -> (artifact id: 'bc4566b34fc9ed7cabdb4246ddf4bc27') in 0.040648 seconds
  Import took 0.046185 seconds .

========================================================================
Received Import Request.
  Time since last request: 0.000203 seconds.
  path: Assets/Scenes/SampleScene/Lightmap-6_comp_light.exr
  artifactKey: Guid(aff1b928f2ba59646843323bbb7019c0) Importer(815301076,1909f56bfc062723c751e8b465ee728b)
Start importing Assets/Scenes/SampleScene/Lightmap-6_comp_light.exr using Guid(aff1b928f2ba59646843323bbb7019c0) Importer(815301076,1909f56bfc062723c751e8b465ee728b)  -> (artifact id: '34e0ad72223bdfc07c0ec6143ed5ff3b') in 0.016596 seconds
  Import took 0.022704 seconds .

========================================================================
Received Import Request.
  Time since last request: 0.000204 seconds.
  path: Assets/Scenes/SampleScene/ReflectionProbe-0.exr
  artifactKey: Guid(db58c93c38fdd1c4cb45888d582f7a18) Importer(815301076,1909f56bfc062723c751e8b465ee728b)
Start importing Assets/Scenes/SampleScene/ReflectionProbe-0.exr using Guid(db58c93c38fdd1c4cb45888d582f7a18) Importer(815301076,1909f56bfc062723c751e8b465ee728b)  -> (artifact id: 'ab98e537b83dad19a84dac4b7b5cb176') in 0.043260 seconds
  Import took 0.049697 seconds .

========================================================================
Received Import Request.
  Time since last request: 0.000255 seconds.
  path: Assets/Scenes/SampleScene/Lightmap-4_comp_dir.png
  artifactKey: Guid(5f42fa2a722ac20489856b05039dee64) Importer(815301076,1909f56bfc062723c751e8b465ee728b)
Start importing Assets/Scenes/SampleScene/Lightmap-4_comp_dir.png using Guid(5f42fa2a722ac20489856b05039dee64) Importer(815301076,1909f56bfc062723c751e8b465ee728b)  -> (artifact id: 'c8c2ca9fe1ba3ad16e56f698ca973490') in 0.014654 seconds
  Import took 0.020681 seconds .

========================================================================
Received Import Request.
  Time since last request: 0.000222 seconds.
  path: Assets/Scenes/SampleScene/ReflectionProbe-16.exr
  artifactKey: Guid(88fccc25d08980c48afb6996a4818e81) Importer(815301076,1909f56bfc062723c751e8b465ee728b)
Start importing Assets/Scenes/SampleScene/ReflectionProbe-16.exr using Guid(88fccc25d08980c48afb6996a4818e81) Importer(815301076,1909f56bfc062723c751e8b465ee728b)  -> (artifact id: '271ae82a98ae07770f4ca7cf9129aac5') in 0.041164 seconds
  Import took 0.046472 seconds .

========================================================================
Received Import Request.
  Time since last request: 0.000219 seconds.
  path: Assets/Scenes/SampleScene/Lightmap-1_comp_light.exr
  artifactKey: Guid(d65881cd9a18b2d468ffa8cd3872247c) Importer(815301076,1909f56bfc062723c751e8b465ee728b)
Start importing Assets/Scenes/SampleScene/Lightmap-1_comp_light.exr using Guid(d65881cd9a18b2d468ffa8cd3872247c) Importer(815301076,1909f56bfc062723c751e8b465ee728b)  -> (artifact id: 'c5248e56d47f696653afff9d8e0f3e5d') in 0.015580 seconds
  Import took 0.021539 seconds .

========================================================================
Received Import Request.
  Time since last request: 0.000195 seconds.
  path: Assets/Scenes/SampleScene/Lightmap-3_comp_dir.png
  artifactKey: Guid(1303668a41ce5dc48b7bf699c4148df2) Importer(815301076,1909f56bfc062723c751e8b465ee728b)
Start importing Assets/Scenes/SampleScene/Lightmap-3_comp_dir.png using Guid(1303668a41ce5dc48b7bf699c4148df2) Importer(815301076,1909f56bfc062723c751e8b465ee728b)  -> (artifact id: 'ad9af0ec6332cd8f2e556f35f0439234') in 0.014034 seconds
  Import took 0.020372 seconds .

========================================================================
Received Import Request.
  Time since last request: 0.000197 seconds.
  path: Assets/Scenes/SampleScene/Lightmap-6_comp_dir.png
  artifactKey: Guid(a5228ee1051068b4f9e5fae8b301a8e4) Importer(815301076,1909f56bfc062723c751e8b465ee728b)
Start importing Assets/Scenes/SampleScene/Lightmap-6_comp_dir.png using Guid(a5228ee1051068b4f9e5fae8b301a8e4) Importer(815301076,1909f56bfc062723c751e8b465ee728b)  -> (artifact id: '48f37857f66cebbe99ebd31275204d0a') in 0.014811 seconds
  Import took 0.020725 seconds .

========================================================================
Received Import Request.
  Time since last request: 0.000210 seconds.
  path: Assets/Scenes/SampleScene/Lightmap-1_comp_dir.png
  artifactKey: Guid(c78a7ef4ffd053e45986df6776d18a37) Importer(815301076,1909f56bfc062723c751e8b465ee728b)
Start importing Assets/Scenes/SampleScene/Lightmap-1_comp_dir.png using Guid(c78a7ef4ffd053e45986df6776d18a37) Importer(815301076,1909f56bfc062723c751e8b465ee728b)  -> (artifact id: '43663d01e495a5904c8623735e4dea42') in 0.017300 seconds
  Import took 0.023190 seconds .

========================================================================
Received Import Request.
  Time since last request: 0.000183 seconds.
  path: Assets/Scenes/SampleScene/Lightmap-5_comp_light.exr
  artifactKey: Guid(e573b21707060b24db27d4ae41235d98) Importer(815301076,1909f56bfc062723c751e8b465ee728b)
Start importing Assets/Scenes/SampleScene/Lightmap-5_comp_light.exr using Guid(e573b21707060b24db27d4ae41235d98) Importer(815301076,1909f56bfc062723c751e8b465ee728b)  -> (artifact id: '2546156beb5ec7815f8c101a45b44303') in 0.019937 seconds
  Import took 0.028488 seconds .

========================================================================
Received Import Request.
  Time since last request: 0.000251 seconds.
  path: Assets/Scenes/SampleScene/ReflectionProbe-6.exr
  artifactKey: Guid(bcc5d397b6334c64dab068d6bb859803) Importer(815301076,1909f56bfc062723c751e8b465ee728b)
Start importing Assets/Scenes/SampleScene/ReflectionProbe-6.exr using Guid(bcc5d397b6334c64dab068d6bb859803) Importer(815301076,1909f56bfc062723c751e8b465ee728b)  -> (artifact id: 'a4fb2d01cf86362f0f2f7e49896ea896') in 0.051700 seconds
  Import took 0.058124 seconds .

========================================================================
Received Import Request.
  Time since last request: 0.000217 seconds.
  path: Assets/Scenes/SampleScene/Lightmap-4_comp_light.exr
  artifactKey: Guid(1a271bbc6f1485d4bad5874ca8455069) Importer(815301076,1909f56bfc062723c751e8b465ee728b)
Start importing Assets/Scenes/SampleScene/Lightmap-4_comp_light.exr using Guid(1a271bbc6f1485d4bad5874ca8455069) Importer(815301076,1909f56bfc062723c751e8b465ee728b)  -> (artifact id: '7372b41749c3b43545cd9941398301e8') in 0.022548 seconds
  Import took 0.029556 seconds .

========================================================================
Received Import Request.
  Time since last request: 0.000266 seconds.
  path: Assets/Scenes/SampleScene/ReflectionProbe-12.exr
  artifactKey: Guid(8481e7bae45102c41afa57230dceda46) Importer(815301076,1909f56bfc062723c751e8b465ee728b)
Start importing Assets/Scenes/SampleScene/ReflectionProbe-12.exr using Guid(8481e7bae45102c41afa57230dceda46) Importer(815301076,1909f56bfc062723c751e8b465ee728b)  -> (artifact id: '49206b03fc9fb46e4b7c815ba5167894') in 0.060891 seconds
  Import took 0.067606 seconds .

========================================================================
Received Import Request.
  Time since last request: 0.000231 seconds.
  path: Assets/Scenes/SampleScene/Lightmap-5_comp_dir.png
  artifactKey: Guid(12958dd54f1b2f140b49115d3f5e2c81) Importer(815301076,1909f56bfc062723c751e8b465ee728b)
Start importing Assets/Scenes/SampleScene/Lightmap-5_comp_dir.png using Guid(12958dd54f1b2f140b49115d3f5e2c81) Importer(815301076,1909f56bfc062723c751e8b465ee728b)  -> (artifact id: '78b31ce319154e0faa349f670a0405ff') in 0.016229 seconds
  Import took 0.023262 seconds .

========================================================================
Received Import Request.
  Time since last request: 0.000250 seconds.
  path: Assets/Scenes/SampleScene/ReflectionProbe-8.exr
  artifactKey: Guid(7f20f555bfbdcaa46a2cc1e0075120a5) Importer(815301076,1909f56bfc062723c751e8b465ee728b)
Start importing Assets/Scenes/SampleScene/ReflectionProbe-8.exr using Guid(7f20f555bfbdcaa46a2cc1e0075120a5) Importer(815301076,1909f56bfc062723c751e8b465ee728b)  -> (artifact id: 'c8a484282e0fc9c6c2b0b7305451d20d') in 0.048863 seconds
  Import took 0.056180 seconds .

========================================================================
Received Import Request.
  Time since last request: 0.000240 seconds.
  path: Assets/Scenes/SampleScene/Lightmap-0_comp_dir.png
  artifactKey: Guid(e79ebf6f6991fea40acf25281ea394e1) Importer(815301076,1909f56bfc062723c751e8b465ee728b)
Start importing Assets/Scenes/SampleScene/Lightmap-0_comp_dir.png using Guid(e79ebf6f6991fea40acf25281ea394e1) Importer(815301076,1909f56bfc062723c751e8b465ee728b)  -> (artifact id: '06d8da15dfbe8904a9cfd69c0282bb8f') in 0.017413 seconds
  Import took 0.024116 seconds .

========================================================================
Received Import Request.
  Time since last request: 0.000287 seconds.
  path: Assets/Scenes/SampleScene/Lightmap-0_comp_light.exr
  artifactKey: Guid(4bdbbe899c5dc0e4a89ae2694443559e) Importer(815301076,1909f56bfc062723c751e8b465ee728b)
Start importing Assets/Scenes/SampleScene/Lightmap-0_comp_light.exr using Guid(4bdbbe899c5dc0e4a89ae2694443559e) Importer(815301076,1909f56bfc062723c751e8b465ee728b)  -> (artifact id: '467b90eba8274706d33c7274368342f2') in 0.015599 seconds
  Import took 0.022037 seconds .

========================================================================
Received Import Request.
  Time since last request: 0.000234 seconds.
  path: Assets/Scenes/SampleScene/Lightmap-2_comp_light.exr
  artifactKey: Guid(d9af58f1eb18cb041a4746c89ce3eefc) Importer(815301076,1909f56bfc062723c751e8b465ee728b)
Start importing Assets/Scenes/SampleScene/Lightmap-2_comp_light.exr using Guid(d9af58f1eb18cb041a4746c89ce3eefc) Importer(815301076,1909f56bfc062723c751e8b465ee728b)  -> (artifact id: '103dd2e5e351c6a668e4526209d7dca8') in 0.013489 seconds
  Import took 0.020045 seconds .

========================================================================
Received Import Request.
  Time since last request: 0.000228 seconds.
  path: Assets/Scenes/SampleScene/Lightmap-0_comp_light.exr
  artifactKey: Guid(4bdbbe899c5dc0e4a89ae2694443559e) Importer(815301076,1909f56bfc062723c751e8b465ee728b)
Start importing Assets/Scenes/SampleScene/Lightmap-0_comp_light.exr using Guid(4bdbbe899c5dc0e4a89ae2694443559e) Importer(815301076,1909f56bfc062723c751e8b465ee728b)  -> (artifact id: '467b90eba8274706d33c7274368342f2') in 0.007472 seconds
  Import took 0.014219 seconds .

========================================================================
Received Import Request.
  Time since last request: 0.000338 seconds.
  path: Assets/Scenes/SampleScene/ReflectionProbe-2.exr
  artifactKey: Guid(905a1f2fe6a20fe4d8acced09169fea6) Importer(815301076,1909f56bfc062723c751e8b465ee728b)
Start importing Assets/Scenes/SampleScene/ReflectionProbe-2.exr using Guid(905a1f2fe6a20fe4d8acced09169fea6) Importer(815301076,1909f56bfc062723c751e8b465ee728b)  -> (artifact id: '71fcb02b78688ff97b8d5d819713e6c7') in 0.050117 seconds
  Import took 0.057373 seconds .

========================================================================
Received Import Request.
  Time since last request: 0.000212 seconds.
  path: Assets/Scenes/SampleScene/Lightmap-2_comp_light.exr
  artifactKey: Guid(d9af58f1eb18cb041a4746c89ce3eefc) Importer(815301076,1909f56bfc062723c751e8b465ee728b)
Start importing Assets/Scenes/SampleScene/Lightmap-2_comp_light.exr using Guid(d9af58f1eb18cb041a4746c89ce3eefc) Importer(815301076,1909f56bfc062723c751e8b465ee728b)  -> (artifact id: '103dd2e5e351c6a668e4526209d7dca8') in 0.006831 seconds
  Import took 0.013640 seconds .

========================================================================
Received Import Request.
  Time since last request: 0.000273 seconds.
  path: Assets/Scenes/SampleScene/ReflectionProbe-3.exr
  artifactKey: Guid(d4035d0729cbed243b8628139d0aa2a3) Importer(815301076,1909f56bfc062723c751e8b465ee728b)
Start importing Assets/Scenes/SampleScene/ReflectionProbe-3.exr using Guid(d4035d0729cbed243b8628139d0aa2a3) Importer(815301076,1909f56bfc062723c751e8b465ee728b)  -> (artifact id: '93d82c4506afca03524f6f987246d99f') in 0.044288 seconds
  Import took 0.050624 seconds .

========================================================================
Received Import Request.
  Time since last request: 0.000217 seconds.
  path: Assets/Scenes/SampleScene/Lightmap-3_comp_light.exr
  artifactKey: Guid(963c286bbf748a6439786c5cdb5206f2) Importer(815301076,1909f56bfc062723c751e8b465ee728b)
Start importing Assets/Scenes/SampleScene/Lightmap-3_comp_light.exr using Guid(963c286bbf748a6439786c5cdb5206f2) Importer(815301076,1909f56bfc062723c751e8b465ee728b)  -> (artifact id: '6946ff4db7f025ef695b42beae44d967') in 0.035035 seconds
  Import took 0.041276 seconds .

========================================================================
Received Import Request.
  Time since last request: 0.000222 seconds.
  path: Assets/Scenes/SampleScene/ReflectionProbe-9.exr
  artifactKey: Guid(f0e7f0a8b752e40488ce09f05f1ac2f2) Importer(815301076,1909f56bfc062723c751e8b465ee728b)
Start importing Assets/Scenes/SampleScene/ReflectionProbe-9.exr using Guid(f0e7f0a8b752e40488ce09f05f1ac2f2) Importer(815301076,1909f56bfc062723c751e8b465ee728b)  -> (artifact id: '4b84c74e21ebe4a6a717c6d65137ce87') in 0.049073 seconds
  Import took 0.055259 seconds .

========================================================================
Received Import Request.
  Time since last request: 1.410476 seconds.
  path: Assets/Scenes/InteriorScene.unity
  artifactKey: Guid(7263ed1bb23989e4db2d4e23e3e3257b) Importer(815301076,1909f56bfc062723c751e8b465ee728b)
Start importing Assets/Scenes/InteriorScene.unity using Guid(7263ed1bb23989e4db2d4e23e3e3257b) Importer(815301076,1909f56bfc062723c751e8b465ee728b)  -> (artifact id: 'd06f527bdd7f7985080a9a1ef7d338a5') in 0.007410 seconds
  Import took 0.013876 seconds .

========================================================================
Received Import Request.
  Time since last request: 1.254789 seconds.
  path: Assets/Scenes/SampleScene.unity
  artifactKey: Guid(3db1837cc97a95e4c98610966fac2b0b) Importer(815301076,1909f56bfc062723c751e8b465ee728b)
Start importing Assets/Scenes/SampleScene.unity using Guid(3db1837cc97a95e4c98610966fac2b0b) Importer(815301076,1909f56bfc062723c751e8b465ee728b)  -> (artifact id: '11cbd8d89f3128468633c7b3c93cef58') in 0.008061 seconds
  Import took 0.014253 seconds .

========================================================================
Received Import Request.
  Time since last request: 4.566120 seconds.
  path: Assets/Scenes/InteriorScene.unity
  artifactKey: Guid(7263ed1bb23989e4db2d4e23e3e3257b) Importer(815301076,1909f56bfc062723c751e8b465ee728b)
Start importing Assets/Scenes/InteriorScene.unity using Guid(7263ed1bb23989e4db2d4e23e3e3257b) Importer(815301076,1909f56bfc062723c751e8b465ee728b)  -> (artifact id: '3d261ab7bc4c19557c16e314b4b70bc4') in 0.002539 seconds
  Import took 0.008455 seconds .

========================================================================
Received Import Request.
  Time since last request: 0.004147 seconds.
  path: Assets/Scenes/InteriorScene.unity
  artifactKey: Guid(7263ed1bb23989e4db2d4e23e3e3257b) Importer(815301076,1909f56bfc062723c751e8b465ee728b)
Start importing Assets/Scenes/InteriorScene.unity using Guid(7263ed1bb23989e4db2d4e23e3e3257b) Importer(815301076,1909f56bfc062723c751e8b465ee728b)  -> (artifact id: '3d261ab7bc4c19557c16e314b4b70bc4') in 0.002907 seconds
  Import took 0.008626 seconds .

========================================================================
Received Import Request.
  Time since last request: 27.456035 seconds.
  path: Assets
  artifactKey: Guid(00000000000000001000000000000000) Importer(815301076,1909f56bfc062723c751e8b465ee728b)
Start importing Assets using Guid(00000000000000001000000000000000) Importer(815301076,1909f56bfc062723c751e8b465ee728b)  -> (artifact id: '42d402b061de3733987d63b9cc3b64de') in 0.007219 seconds
  Import took 0.013812 seconds .

========================================================================
Received Import Request.
  Time since last request: 0.003954 seconds.
  path: Assets
  artifactKey: Guid(00000000000000001000000000000000) Importer(815301076,1909f56bfc062723c751e8b465ee728b)
Start importing Assets using Guid(00000000000000001000000000000000) Importer(815301076,1909f56bfc062723c751e8b465ee728b)  -> (artifact id: '42d402b061de3733987d63b9cc3b64de') in 0.002235 seconds
  Import took 0.007988 seconds .

========================================================================
Received Import Request.
  Time since last request: 8.407733 seconds.
  path: Assets/Shader
  artifactKey: Guid(b9cb6a26c48727741b8ba18762deb2ac) Importer(815301076,1909f56bfc062723c751e8b465ee728b)
Start importing Assets/Shader using Guid(b9cb6a26c48727741b8ba18762deb2ac) Importer(815301076,1909f56bfc062723c751e8b465ee728b)  -> (artifact id: 'fd65941345d199e781fb287b439b732c') in 0.006773 seconds
  Import took 0.012750 seconds .

========================================================================
Received Import Request.
  Time since last request: 0.011265 seconds.
  path: Assets/Shader
  artifactKey: Guid(b9cb6a26c48727741b8ba18762deb2ac) Importer(815301076,1909f56bfc062723c751e8b465ee728b)
Start importing Assets/Shader using Guid(b9cb6a26c48727741b8ba18762deb2ac) Importer(815301076,1909f56bfc062723c751e8b465ee728b)  -> (artifact id: 'fd65941345d199e781fb287b439b732c') in 0.002112 seconds
  Import took 0.007988 seconds .

========================================================================
Received Import Request.
  Time since last request: 297.073561 seconds.
  path: Assets/Shader/Dream.shader
  artifactKey: Guid(8d7ad64a78a377646a7e50a3a7dc4e30) Importer(815301076,1909f56bfc062723c751e8b465ee728b)
Start importing Assets/Shader/Dream.shader using Guid(8d7ad64a78a377646a7e50a3a7dc4e30) Importer(815301076,1909f56bfc062723c751e8b465ee728b)  -> (artifact id: '8c9dca85b8a1323ae8f2b4b2fbff588d') in 0.009625 seconds
  Import took 0.015901 seconds .

========================================================================
Received Import Request.
  Time since last request: 678.630319 seconds.
  path: Assets/Shader/Dream.vfx
  artifactKey: Guid(0119aba479ca04e458a21733192866d2) Importer(815301076,1909f56bfc062723c751e8b465ee728b)
Start importing Assets/Shader/Dream.vfx using Guid(0119aba479ca04e458a21733192866d2) Importer(815301076,1909f56bfc062723c751e8b465ee728b)  -> (artifact id: '619d6c1bb9cbd86b60b385418452de7c') in 0.011019 seconds
  Import took 0.017749 seconds .

========================================================================
Received Import Request.
  Time since last request: 82.188457 seconds.
  path: Assets/Shader/DreamGraph.shadergraph
  artifactKey: Guid(81e5517ccd52d594a8ee4f7934cacb40) Importer(815301076,1909f56bfc062723c751e8b465ee728b)
Start importing Assets/Shader/DreamGraph.shadergraph using Guid(81e5517ccd52d594a8ee4f7934cacb40) Importer(815301076,1909f56bfc062723c751e8b465ee728b)  -> (artifact id: 'faaabf04405cda20d80b8fe50b474ff1') in 0.123615 seconds
  Import took 0.129732 seconds .

========================================================================
Received Import Request.
  Time since last request: 162.196959 seconds.
  path: Assets/Shader/New Graph.vfx
  artifactKey: Guid(87032cd5985f91f4fbed4fccc518f042) Importer(815301076,1909f56bfc062723c751e8b465ee728b)
Start importing Assets/Shader/New Graph.vfx using Guid(87032cd5985f91f4fbed4fccc518f042) Importer(815301076,1909f56bfc062723c751e8b465ee728b)  -> (artifact id: 'd9c34b9b3cbbf3b7a76ff44ea7642286') in 0.007921 seconds
  Import took 0.013928 seconds .

========================================================================
Received Import Request.
  Time since last request: 28.365207 seconds.
  path: Assets/Shader/New Graph.vfx
  artifactKey: Guid(87032cd5985f91f4fbed4fccc518f042) Importer(815301076,1909f56bfc062723c751e8b465ee728b)
Start importing Assets/Shader/New Graph.vfx using Guid(87032cd5985f91f4fbed4fccc518f042) Importer(815301076,1909f56bfc062723c751e8b465ee728b)  -> (artifact id: 'd912f5c084679efddd76be9306ef44ac') in 0.004588 seconds
  Import took 0.011772 seconds .

========================================================================
Received Import Request.
  Time since last request: 0.019769 seconds.
  path: Assets/Shader/New Graph.vfx
  artifactKey: Guid(87032cd5985f91f4fbed4fccc518f042) Importer(815301076,1909f56bfc062723c751e8b465ee728b)
Start importing Assets/Shader/New Graph.vfx using Guid(87032cd5985f91f4fbed4fccc518f042) Importer(815301076,1909f56bfc062723c751e8b465ee728b)  -> (artifact id: 'd912f5c084679efddd76be9306ef44ac') in 0.004093 seconds
  Import took 0.010563 seconds .

========================================================================
Received Import Request.
  Time since last request: 169678.549346 seconds.
  path: Assets/Shader/imgEffectDream.shader
  artifactKey: Guid(27a84cc15e17c7f43bdcbb8a381871fd) Importer(815301076,1909f56bfc062723c751e8b465ee728b)
Start importing Assets/Shader/imgEffectDream.shader using Guid(27a84cc15e17c7f43bdcbb8a381871fd) Importer(815301076,1909f56bfc062723c751e8b465ee728b)  -> (artifact id: '609a4b12ada9490af72cccfdcdb62702') in 0.017849 seconds
  Import took 0.059353 seconds .

========================================================================
Received Import Request.
  Time since last request: 184.400943 seconds.
  path: Assets/Shader/Hidden_imgEffectDream.mat
  artifactKey: Guid(04e39a680ca6c444b9aeeab6b489db04) Importer(815301076,1909f56bfc062723c751e8b465ee728b)
Start importing Assets/Shader/Hidden_imgEffectDream.mat using Guid(04e39a680ca6c444b9aeeab6b489db04) Importer(815301076,1909f56bfc062723c751e8b465ee728b) Launched and connected shader compiler UnityShaderCompiler.exe after 0.08 seconds
Launched and connected shader compiler UnityShaderCompiler.exe after 0.05 seconds
Launched and connected shader compiler UnityShaderCompiler.exe after 0.05 seconds
Launched and connected shader compiler UnityShaderCompiler.exe after 0.06 seconds
Launched and connected shader compiler UnityShaderCompiler.exe after 0.06 seconds
Launched and connected shader compiler UnityShaderCompiler.exe after 0.04 seconds
Launched and connected shader compiler UnityShaderCompiler.exe after 0.07 seconds
Launched and connected shader compiler UnityShaderCompiler.exe after 0.05 seconds
Launched and connected shader compiler UnityShaderCompiler.exe after 0.06 seconds
Launched and connected shader compiler UnityShaderCompiler.exe after 0.06 seconds
Launched and connected shader compiler UnityShaderCompiler.exe after 0.06 seconds
 -> (artifact id: '9386b2ca0f1cc0bb3a09c4d0d1bea818') in 2.700314 seconds
  Import took 2.708539 seconds .

========================================================================
Received Import Request.
  Time since last request: 18.025404 seconds.
  path: Assets/Shader/New HDRenderPipelineAsset.asset
  artifactKey: Guid(96244920f8defa646ac73e0290b5ab4c) Importer(815301076,1909f56bfc062723c751e8b465ee728b)
Start importing Assets/Shader/New HDRenderPipelineAsset.asset using Guid(96244920f8defa646ac73e0290b5ab4c) Importer(815301076,1909f56bfc062723c751e8b465ee728b)  -> (artifact id: 'a2ceb830ff5500722860a4f1b7d4c4b3') in 0.007731 seconds
  Import took 0.014354 seconds .

========================================================================
Received Import Request.
  Time since last request: 0.006127 seconds.
  path: Assets/Shader/New HDRenderPipelineAsset.asset
  artifactKey: Guid(96244920f8defa646ac73e0290b5ab4c) Importer(815301076,1909f56bfc062723c751e8b465ee728b)
Start importing Assets/Shader/New HDRenderPipelineAsset.asset using Guid(96244920f8defa646ac73e0290b5ab4c) Importer(815301076,1909f56bfc062723c751e8b465ee728b)  -> (artifact id: 'a2ceb830ff5500722860a4f1b7d4c4b3') in 0.004143 seconds
  Import took 0.009772 seconds .

========================================================================
Received Import Request.
  Time since last request: 187.403773 seconds.
  path: Assets/Shader/New Post Process Volume.shader
  artifactKey: Guid(758cf857bb0db0149a32869b257347bd) Importer(815301076,1909f56bfc062723c751e8b465ee728b)
Start importing Assets/Shader/New Post Process Volume.shader using Guid(758cf857bb0db0149a32869b257347bd) Importer(815301076,1909f56bfc062723c751e8b465ee728b)  -> (artifact id: 'ba2860bbcf456d027fbec37500711a62') in 0.007633 seconds
  Import took 0.014099 seconds .

========================================================================
Received Import Request.
  Time since last request: 0.014395 seconds.
  path: Assets/Shader/New Post Process Volume.shader
  artifactKey: Guid(758cf857bb0db0149a32869b257347bd) Importer(815301076,1909f56bfc062723c751e8b465ee728b)
Start importing Assets/Shader/New Post Process Volume.shader using Guid(758cf857bb0db0149a32869b257347bd) Importer(815301076,1909f56bfc062723c751e8b465ee728b)  -> (artifact id: 'ba2860bbcf456d027fbec37500711a62') in 0.003554 seconds
  Import took 0.009698 seconds .

AssetImportWorkerClient::OnTransportError - code=2 error=End of file
